Archive member included to satisfy reference by file (symbol)

c:/program files (x86)/atmel/studio/7.0/toolchain/avr8/avr8-gnu-toolchain/bin/../lib/gcc/avr/5.4.0/../../../../avr/lib/avr5\libm.a(fixunssfsi.o)
                              HAL/ULTRA_SONIC/ULTRA_SONIC.o (__fixunssfsi)
c:/program files (x86)/atmel/studio/7.0/toolchain/avr8/avr8-gnu-toolchain/bin/../lib/gcc/avr/5.4.0/../../../../avr/lib/avr5\libm.a(floatsisf.o)
                              HAL/ULTRA_SONIC/ULTRA_SONIC.o (__floatunsisf)
c:/program files (x86)/atmel/studio/7.0/toolchain/avr8/avr8-gnu-toolchain/bin/../lib/gcc/avr/5.4.0/../../../../avr/lib/avr5\libm.a(fp_split3.o)
                              c:/program files (x86)/atmel/studio/7.0/toolchain/avr8/avr8-gnu-toolchain/bin/../lib/gcc/avr/5.4.0/../../../../avr/lib/avr5\libm.a(fixunssfsi.o) (__fp_splitA)
c:/program files (x86)/atmel/studio/7.0/toolchain/avr8/avr8-gnu-toolchain/bin/../lib/gcc/avr/5.4.0/../../../../avr/lib/avr5\libm.a(fp_zero.o)
                              c:/program files (x86)/atmel/studio/7.0/toolchain/avr8/avr8-gnu-toolchain/bin/../lib/gcc/avr/5.4.0/../../../../avr/lib/avr5\libm.a(fixunssfsi.o) (__fp_zero)
c:/program files (x86)/atmel/studio/7.0/toolchain/avr8/avr8-gnu-toolchain/bin/../lib/gcc/avr/5.4.0/../../../../avr/lib/avr5\libm.a(mulsf3.o)
                              HAL/ULTRA_SONIC/ULTRA_SONIC.o (__mulsf3)
c:/program files (x86)/atmel/studio/7.0/toolchain/avr8/avr8-gnu-toolchain/bin/../lib/gcc/avr/5.4.0/../../../../avr/lib/avr5\libm.a(mulsf3x.o)
                              c:/program files (x86)/atmel/studio/7.0/toolchain/avr8/avr8-gnu-toolchain/bin/../lib/gcc/avr/5.4.0/../../../../avr/lib/avr5\libm.a(mulsf3.o) (__mulsf3x)
c:/program files (x86)/atmel/studio/7.0/toolchain/avr8/avr8-gnu-toolchain/bin/../lib/gcc/avr/5.4.0/../../../../avr/lib/avr5\libm.a(fp_inf.o)
                              c:/program files (x86)/atmel/studio/7.0/toolchain/avr8/avr8-gnu-toolchain/bin/../lib/gcc/avr/5.4.0/../../../../avr/lib/avr5\libm.a(mulsf3x.o) (__fp_inf)
c:/program files (x86)/atmel/studio/7.0/toolchain/avr8/avr8-gnu-toolchain/bin/../lib/gcc/avr/5.4.0/../../../../avr/lib/avr5\libm.a(fp_nan.o)
                              c:/program files (x86)/atmel/studio/7.0/toolchain/avr8/avr8-gnu-toolchain/bin/../lib/gcc/avr/5.4.0/../../../../avr/lib/avr5\libm.a(mulsf3x.o) (__fp_nan)
c:/program files (x86)/atmel/studio/7.0/toolchain/avr8/avr8-gnu-toolchain/bin/../lib/gcc/avr/5.4.0/../../../../avr/lib/avr5\libm.a(fp_pscA.o)
                              c:/program files (x86)/atmel/studio/7.0/toolchain/avr8/avr8-gnu-toolchain/bin/../lib/gcc/avr/5.4.0/../../../../avr/lib/avr5\libm.a(mulsf3x.o) (__fp_pscA)
c:/program files (x86)/atmel/studio/7.0/toolchain/avr8/avr8-gnu-toolchain/bin/../lib/gcc/avr/5.4.0/../../../../avr/lib/avr5\libm.a(fp_pscB.o)
                              c:/program files (x86)/atmel/studio/7.0/toolchain/avr8/avr8-gnu-toolchain/bin/../lib/gcc/avr/5.4.0/../../../../avr/lib/avr5\libm.a(mulsf3x.o) (__fp_pscB)
c:/program files (x86)/atmel/studio/7.0/toolchain/avr8/avr8-gnu-toolchain/bin/../lib/gcc/avr/5.4.0/../../../../avr/lib/avr5\libm.a(fp_round.o)
                              c:/program files (x86)/atmel/studio/7.0/toolchain/avr8/avr8-gnu-toolchain/bin/../lib/gcc/avr/5.4.0/../../../../avr/lib/avr5\libm.a(mulsf3.o) (__fp_round)
c:/program files (x86)/atmel/studio/7.0/toolchain/avr8/avr8-gnu-toolchain/bin/../lib/gcc/avr/5.4.0/avr5\libgcc.a(_mulsi3.o)
                              HAL/Battery_Volt_Management/BVM_Core.o (__mulsi3)
c:/program files (x86)/atmel/studio/7.0/toolchain/avr8/avr8-gnu-toolchain/bin/../lib/gcc/avr/5.4.0/avr5\libgcc.a(_divmodhi4.o)
                              MCAL/PWM/PWM_Core.o (__divmodhi4)
c:/program files (x86)/atmel/studio/7.0/toolchain/avr8/avr8-gnu-toolchain/bin/../lib/gcc/avr/5.4.0/avr5\libgcc.a(_udivmodsi4.o)
                              HAL/Battery_Volt_Management/BVM_Core.o (__udivmodsi4)
c:/program files (x86)/atmel/studio/7.0/toolchain/avr8/avr8-gnu-toolchain/bin/../lib/gcc/avr/5.4.0/avr5\libgcc.a(_divmodsi4.o)
                              HAL/Calculator/Calculator_Core.o (__divmodsi4)
c:/program files (x86)/atmel/studio/7.0/toolchain/avr8/avr8-gnu-toolchain/bin/../lib/gcc/avr/5.4.0/avr5\libgcc.a(_negsi2.o)
                              c:/program files (x86)/atmel/studio/7.0/toolchain/avr8/avr8-gnu-toolchain/bin/../lib/gcc/avr/5.4.0/avr5\libgcc.a(_divmodsi4.o) (__negsi2)
c:/program files (x86)/atmel/studio/7.0/toolchain/avr8/avr8-gnu-toolchain/bin/../lib/gcc/avr/5.4.0/avr5\libgcc.a(_exit.o)
                              C:/Program Files (x86)/Atmel/Studio/7.0/Packs/atmel/ATmega_DFP/1.7.374/gcc/dev/atmega32/avr5/crtatmega32.o (exit)
c:/program files (x86)/atmel/studio/7.0/toolchain/avr8/avr8-gnu-toolchain/bin/../lib/gcc/avr/5.4.0/avr5\libgcc.a(_copy_data.o)
                              App/CFGH/HAL_CFG/KeyPad_Cfg/KeyPad_Cfg.o (__do_copy_data)
c:/program files (x86)/atmel/studio/7.0/toolchain/avr8/avr8-gnu-toolchain/bin/../lib/gcc/avr/5.4.0/avr5\libgcc.a(_clear_bss.o)
                              HAL/Battery_Volt_Management/BVM_Core.o (__do_clear_bss)
c:/program files (x86)/atmel/studio/7.0/toolchain/avr8/avr8-gnu-toolchain/bin/../lib/gcc/avr/5.4.0/avr5\libgcc.a(_umulhisi3.o)
                              MCAL/ADC/ADC_Core.o (__umulhisi3)
c:/program files (x86)/atmel/studio/7.0/toolchain/avr8/avr8-gnu-toolchain/bin/../lib/gcc/avr/5.4.0/avr5\libgcc.a(_muluhisi3.o)
                              MCAL/IRQH/IRQH_Core.o (__muluhisi3)
c:/program files (x86)/atmel/studio/7.0/toolchain/avr8/avr8-gnu-toolchain/bin/../lib/gcc/avr/5.4.0/avr5\libgcc.a(_udivmodhi4.o)
                              c:/program files (x86)/atmel/studio/7.0/toolchain/avr8/avr8-gnu-toolchain/bin/../lib/gcc/avr/5.4.0/avr5\libgcc.a(_divmodhi4.o) (__udivmodhi4)

Allocating common symbols
Common symbol       size              file

System_Tasks        0xc               OS/Scheduler_Core.o
TxData_Buffert      0x7               HAL/SMART_DOOR/SMART_DOOR_Core.o

Discarded input sections

 .data          0x00000000        0x0 C:/Program Files (x86)/Atmel/Studio/7.0/Packs/atmel/ATmega_DFP/1.7.374/gcc/dev/atmega32/avr5/crtatmega32.o
 .bss           0x00000000        0x0 C:/Program Files (x86)/Atmel/Studio/7.0/Packs/atmel/ATmega_DFP/1.7.374/gcc/dev/atmega32/avr5/crtatmega32.o
 .text          0x00000000        0x0 App/CFGH/HAL_CFG/KeyPad_Cfg/KeyPad_Cfg.o
 .data          0x00000000        0x0 App/CFGH/HAL_CFG/KeyPad_Cfg/KeyPad_Cfg.o
 .bss           0x00000000        0x0 App/CFGH/HAL_CFG/KeyPad_Cfg/KeyPad_Cfg.o
 .data.KEYPAD_Val
                0x00000000       0x10 App/CFGH/HAL_CFG/KeyPad_Cfg/KeyPad_Cfg.o
 .debug_info    0x00000000       0xac App/CFGH/HAL_CFG/KeyPad_Cfg/KeyPad_Cfg.o
 .debug_abbrev  0x00000000       0x56 App/CFGH/HAL_CFG/KeyPad_Cfg/KeyPad_Cfg.o
 .debug_aranges
                0x00000000       0x18 App/CFGH/HAL_CFG/KeyPad_Cfg/KeyPad_Cfg.o
 .debug_line    0x00000000       0x5c App/CFGH/HAL_CFG/KeyPad_Cfg/KeyPad_Cfg.o
 .debug_str     0x00000000      0x1b5 App/CFGH/HAL_CFG/KeyPad_Cfg/KeyPad_Cfg.o
 .comment       0x00000000       0x31 App/CFGH/HAL_CFG/KeyPad_Cfg/KeyPad_Cfg.o
 .text          0x00000000        0x0 App/CFGH/MCAL_CFG/PORT_CFG/PORT_LCFG.o
 .data          0x00000000        0x0 App/CFGH/MCAL_CFG/PORT_CFG/PORT_LCFG.o
 .bss           0x00000000        0x0 App/CFGH/MCAL_CFG/PORT_CFG/PORT_LCFG.o
 .text          0x00000000        0x0 App/Main/main.o
 .data          0x00000000        0x0 App/Main/main.o
 .bss           0x00000000        0x0 App/Main/main.o
 .text          0x00000000        0x0 HAL/Battery_Volt_Management/BVM_Core.o
 .data          0x00000000        0x0 HAL/Battery_Volt_Management/BVM_Core.o
 .bss           0x00000000        0x0 HAL/Battery_Volt_Management/BVM_Core.o
 .text.BVM_Init
                0x00000000        0x6 HAL/Battery_Volt_Management/BVM_Core.o
 .text.BVM_Read
                0x00000000      0x14a HAL/Battery_Volt_Management/BVM_Core.o
 .bss.BVM_Reading.1797
                0x00000000        0x4 HAL/Battery_Volt_Management/BVM_Core.o
 .bss.arr       0x00000000       0x14 HAL/Battery_Volt_Management/BVM_Core.o
 .debug_info    0x00000000      0x253 HAL/Battery_Volt_Management/BVM_Core.o
 .debug_abbrev  0x00000000      0x16a HAL/Battery_Volt_Management/BVM_Core.o
 .debug_loc     0x00000000      0x159 HAL/Battery_Volt_Management/BVM_Core.o
 .debug_aranges
                0x00000000       0x28 HAL/Battery_Volt_Management/BVM_Core.o
 .debug_ranges  0x00000000       0x18 HAL/Battery_Volt_Management/BVM_Core.o
 .debug_line    0x00000000      0x218 HAL/Battery_Volt_Management/BVM_Core.o
 .debug_str     0x00000000      0x270 HAL/Battery_Volt_Management/BVM_Core.o
 .comment       0x00000000       0x31 HAL/Battery_Volt_Management/BVM_Core.o
 .debug_frame   0x00000000       0x5c HAL/Battery_Volt_Management/BVM_Core.o
 .text          0x00000000        0x0 HAL/BTN/BTN.o
 .data          0x00000000        0x0 HAL/BTN/BTN.o
 .bss           0x00000000        0x0 HAL/BTN/BTN.o
 .text          0x00000000        0x0 HAL/BUZZER/BUZZER.o
 .data          0x00000000        0x0 HAL/BUZZER/BUZZER.o
 .bss           0x00000000        0x0 HAL/BUZZER/BUZZER.o
 .text.BUZZER_SET_VALUE
                0x00000000        0xa HAL/BUZZER/BUZZER.o
 .text.BUZZER_toggle
                0x00000000        0x8 HAL/BUZZER/BUZZER.o
 .debug_info    0x00000000      0x126 HAL/BUZZER/BUZZER.o
 .debug_abbrev  0x00000000       0xa3 HAL/BUZZER/BUZZER.o
 .debug_loc     0x00000000       0x2c HAL/BUZZER/BUZZER.o
 .debug_aranges
                0x00000000       0x28 HAL/BUZZER/BUZZER.o
 .debug_ranges  0x00000000       0x18 HAL/BUZZER/BUZZER.o
 .debug_line    0x00000000       0x87 HAL/BUZZER/BUZZER.o
 .debug_str     0x00000000      0x1f9 HAL/BUZZER/BUZZER.o
 .comment       0x00000000       0x31 HAL/BUZZER/BUZZER.o
 .debug_frame   0x00000000       0x34 HAL/BUZZER/BUZZER.o
 .text          0x00000000        0x0 HAL/Calculator/Calculator_Core.o
 .data          0x00000000        0x0 HAL/Calculator/Calculator_Core.o
 .bss           0x00000000        0x0 HAL/Calculator/Calculator_Core.o
 .text.Calculator
                0x00000000      0x2d0 HAL/Calculator/Calculator_Core.o
 .bss.Value     0x00000000       0x28 HAL/Calculator/Calculator_Core.o
 .bss.cnt       0x00000000        0x1 HAL/Calculator/Calculator_Core.o
 .bss.i         0x00000000        0x1 HAL/Calculator/Calculator_Core.o
 .bss.operation
                0x00000000        0xa HAL/Calculator/Calculator_Core.o
 .bss.Button_val
                0x00000000        0x1 HAL/Calculator/Calculator_Core.o
 .debug_info    0x00000000      0x20d HAL/Calculator/Calculator_Core.o
 .debug_abbrev  0x00000000       0xc0 HAL/Calculator/Calculator_Core.o
 .debug_aranges
                0x00000000       0x20 HAL/Calculator/Calculator_Core.o
 .debug_ranges  0x00000000       0x10 HAL/Calculator/Calculator_Core.o
 .debug_line    0x00000000      0x1e8 HAL/Calculator/Calculator_Core.o
 .debug_str     0x00000000      0x22c HAL/Calculator/Calculator_Core.o
 .comment       0x00000000       0x31 HAL/Calculator/Calculator_Core.o
 .debug_frame   0x00000000       0x24 HAL/Calculator/Calculator_Core.o
 .text          0x00000000        0x0 HAL/DC_MOTOR/DC_MOTOR_Core.o
 .data          0x00000000        0x0 HAL/DC_MOTOR/DC_MOTOR_Core.o
 .bss           0x00000000        0x0 HAL/DC_MOTOR/DC_MOTOR_Core.o
 .text.DC_MOTOR_Init
                0x00000000        0x6 HAL/DC_MOTOR/DC_MOTOR_Core.o
 .text.DC_MOTOR_Direction
                0x00000000       0x2c HAL/DC_MOTOR/DC_MOTOR_Core.o
 .text.DC_MOTOR_Speed
                0x00000000        0x6 HAL/DC_MOTOR/DC_MOTOR_Core.o
 .text.DC_Motor_Stop
                0x00000000       0x12 HAL/DC_MOTOR/DC_MOTOR_Core.o
 .debug_info    0x00000000      0x1fd HAL/DC_MOTOR/DC_MOTOR_Core.o
 .debug_abbrev  0x00000000       0xb9 HAL/DC_MOTOR/DC_MOTOR_Core.o
 .debug_loc     0x00000000       0x5b HAL/DC_MOTOR/DC_MOTOR_Core.o
 .debug_aranges
                0x00000000       0x38 HAL/DC_MOTOR/DC_MOTOR_Core.o
 .debug_ranges  0x00000000       0x28 HAL/DC_MOTOR/DC_MOTOR_Core.o
 .debug_line    0x00000000      0x116 HAL/DC_MOTOR/DC_MOTOR_Core.o
 .debug_str     0x00000000      0x1fa HAL/DC_MOTOR/DC_MOTOR_Core.o
 .comment       0x00000000       0x31 HAL/DC_MOTOR/DC_MOTOR_Core.o
 .debug_frame   0x00000000       0x54 HAL/DC_MOTOR/DC_MOTOR_Core.o
 .text          0x00000000        0x0 HAL/EEPROM/EEPROM_Core.o
 .data          0x00000000        0x0 HAL/EEPROM/EEPROM_Core.o
 .bss           0x00000000        0x0 HAL/EEPROM/EEPROM_Core.o
 .text.EEPROM_WriteByte
                0x00000000       0x2e HAL/EEPROM/EEPROM_Core.o
 .text.EEPROM_WriteMultipleBytes
                0x00000000       0x48 HAL/EEPROM/EEPROM_Core.o
 .text.EEPROM_ReadByte
                0x00000000       0x34 HAL/EEPROM/EEPROM_Core.o
 .debug_info    0x00000000      0x2b9 HAL/EEPROM/EEPROM_Core.o
 .debug_abbrev  0x00000000       0xd0 HAL/EEPROM/EEPROM_Core.o
 .debug_loc     0x00000000      0x2ab HAL/EEPROM/EEPROM_Core.o
 .debug_aranges
                0x00000000       0x30 HAL/EEPROM/EEPROM_Core.o
 .debug_ranges  0x00000000       0x20 HAL/EEPROM/EEPROM_Core.o
 .debug_line    0x00000000      0x128 HAL/EEPROM/EEPROM_Core.o
 .debug_str     0x00000000      0x24e HAL/EEPROM/EEPROM_Core.o
 .comment       0x00000000       0x31 HAL/EEPROM/EEPROM_Core.o
 .debug_frame   0x00000000       0x7c HAL/EEPROM/EEPROM_Core.o
 .text          0x00000000        0x0 HAL/KeyPad/KeyPad_Core.o
 .data          0x00000000        0x0 HAL/KeyPad/KeyPad_Core.o
 .bss           0x00000000        0x0 HAL/KeyPad/KeyPad_Core.o
 .text.KEYPAD_Init
                0x00000000       0x22 HAL/KeyPad/KeyPad_Core.o
 .text.KEYPAD_GetValule
                0x00000000       0x9c HAL/KeyPad/KeyPad_Core.o
 .debug_info    0x00000000      0x2a0 HAL/KeyPad/KeyPad_Core.o
 .debug_abbrev  0x00000000      0x166 HAL/KeyPad/KeyPad_Core.o
 .debug_loc     0x00000000      0x137 HAL/KeyPad/KeyPad_Core.o
 .debug_aranges
                0x00000000       0x28 HAL/KeyPad/KeyPad_Core.o
 .debug_ranges  0x00000000       0x18 HAL/KeyPad/KeyPad_Core.o
 .debug_line    0x00000000      0x1fc HAL/KeyPad/KeyPad_Core.o
 .debug_str     0x00000000      0x258 HAL/KeyPad/KeyPad_Core.o
 .comment       0x00000000       0x31 HAL/KeyPad/KeyPad_Core.o
 .debug_frame   0x00000000       0x54 HAL/KeyPad/KeyPad_Core.o
 .text          0x00000000        0x0 HAL/LCD/LCD_Core.o
 .data          0x00000000        0x0 HAL/LCD/LCD_Core.o
 .bss           0x00000000        0x0 HAL/LCD/LCD_Core.o
 .text.LCD_WriteCommand
                0x00000000       0xb6 HAL/LCD/LCD_Core.o
 .text.LCD_Init
                0x00000000       0x2c HAL/LCD/LCD_Core.o
 .text.LCD_WriteChar
                0x00000000       0xb6 HAL/LCD/LCD_Core.o
 .text.LCD_WriteString
                0x00000000       0x26 HAL/LCD/LCD_Core.o
 .text.LCD_WriteInteger
                0x00000000       0xde HAL/LCD/LCD_Core.o
 .text.LCD_WriteClear
                0x00000000       0x14 HAL/LCD/LCD_Core.o
 .text.LCD_GoTo
                0x00000000       0x30 HAL/LCD/LCD_Core.o
 .text.Custom_char
                0x00000000       0x54 HAL/LCD/LCD_Core.o
 .data.Custom_char_
                0x00000000       0x40 HAL/LCD/LCD_Core.o
 .debug_info    0x00000000      0x76c HAL/LCD/LCD_Core.o
 .debug_abbrev  0x00000000      0x1dd HAL/LCD/LCD_Core.o
 .debug_loc     0x00000000      0x5df HAL/LCD/LCD_Core.o
 .debug_aranges
                0x00000000       0x58 HAL/LCD/LCD_Core.o
 .debug_ranges  0x00000000       0x48 HAL/LCD/LCD_Core.o
 .debug_line    0x00000000      0x3a6 HAL/LCD/LCD_Core.o
 .debug_str     0x00000000      0x2d5 HAL/LCD/LCD_Core.o
 .comment       0x00000000       0x31 HAL/LCD/LCD_Core.o
 .debug_frame   0x00000000      0x120 HAL/LCD/LCD_Core.o
 .text          0x00000000        0x0 HAL/LED/LED.o
 .data          0x00000000        0x0 HAL/LED/LED.o
 .bss           0x00000000        0x0 HAL/LED/LED.o
 .text.LED_SetValue
                0x00000000        0x6 HAL/LED/LED.o
 .text.LED_Toggle
                0x00000000        0x6 HAL/LED/LED.o
 .debug_info    0x00000000      0x113 HAL/LED/LED.o
 .debug_abbrev  0x00000000       0x80 HAL/LED/LED.o
 .debug_loc     0x00000000       0x63 HAL/LED/LED.o
 .debug_aranges
                0x00000000       0x28 HAL/LED/LED.o
 .debug_ranges  0x00000000       0x18 HAL/LED/LED.o
 .debug_line    0x00000000       0x88 HAL/LED/LED.o
 .debug_str     0x00000000      0x19f HAL/LED/LED.o
 .comment       0x00000000       0x31 HAL/LED/LED.o
 .debug_frame   0x00000000       0x34 HAL/LED/LED.o
 .text          0x00000000        0x0 HAL/SERVO_MOTOR/SERVO_MOTOR_Core.o
 .data          0x00000000        0x0 HAL/SERVO_MOTOR/SERVO_MOTOR_Core.o
 .bss           0x00000000        0x0 HAL/SERVO_MOTOR/SERVO_MOTOR_Core.o
 .text.Servo_Init
                0x00000000        0x6 HAL/SERVO_MOTOR/SERVO_MOTOR_Core.o
 .text.Servo_Generate
                0x00000000       0x1a HAL/SERVO_MOTOR/SERVO_MOTOR_Core.o
 .debug_info    0x00000000      0x10c HAL/SERVO_MOTOR/SERVO_MOTOR_Core.o
 .debug_abbrev  0x00000000       0x9a HAL/SERVO_MOTOR/SERVO_MOTOR_Core.o
 .debug_loc     0x00000000       0x5b HAL/SERVO_MOTOR/SERVO_MOTOR_Core.o
 .debug_aranges
                0x00000000       0x28 HAL/SERVO_MOTOR/SERVO_MOTOR_Core.o
 .debug_ranges  0x00000000       0x18 HAL/SERVO_MOTOR/SERVO_MOTOR_Core.o
 .debug_line    0x00000000       0xa3 HAL/SERVO_MOTOR/SERVO_MOTOR_Core.o
 .debug_str     0x00000000      0x1a6 HAL/SERVO_MOTOR/SERVO_MOTOR_Core.o
 .comment       0x00000000       0x31 HAL/SERVO_MOTOR/SERVO_MOTOR_Core.o
 .debug_frame   0x00000000       0x34 HAL/SERVO_MOTOR/SERVO_MOTOR_Core.o
 .text          0x00000000        0x0 HAL/SevSeg/SevSeg_Core.o
 .data          0x00000000        0x0 HAL/SevSeg/SevSeg_Core.o
 .bss           0x00000000        0x0 HAL/SevSeg/SevSeg_Core.o
 .text.SevSeg_Display
                0x00000000       0x82 HAL/SevSeg/SevSeg_Core.o
 .rodata.Seven_Segment_Values_g
                0x00000000        0xa HAL/SevSeg/SevSeg_Core.o
 .debug_info    0x00000000      0x250 HAL/SevSeg/SevSeg_Core.o
 .debug_abbrev  0x00000000      0x140 HAL/SevSeg/SevSeg_Core.o
 .debug_loc     0x00000000       0xe7 HAL/SevSeg/SevSeg_Core.o
 .debug_aranges
                0x00000000       0x20 HAL/SevSeg/SevSeg_Core.o
 .debug_ranges  0x00000000       0x10 HAL/SevSeg/SevSeg_Core.o
 .debug_line    0x00000000      0x180 HAL/SevSeg/SevSeg_Core.o
 .debug_str     0x00000000      0x23a HAL/SevSeg/SevSeg_Core.o
 .comment       0x00000000       0x31 HAL/SevSeg/SevSeg_Core.o
 .debug_frame   0x00000000       0x30 HAL/SevSeg/SevSeg_Core.o
 .text          0x00000000        0x0 HAL/SMART_DOOR/SMART_DOOR_Core.o
 .data          0x00000000        0x0 HAL/SMART_DOOR/SMART_DOOR_Core.o
 .bss           0x00000000        0x0 HAL/SMART_DOOR/SMART_DOOR_Core.o
 .text.Smart_Door_Get_Pass
                0x00000000       0x3c HAL/SMART_DOOR/SMART_DOOR_Core.o
 .text.Chk_Pass
                0x00000000       0x9e HAL/SMART_DOOR/SMART_DOOR_Core.o
 .rodata.str1.1
                0x00000000       0x9d HAL/SMART_DOOR/SMART_DOOR_Core.o
 .text.Smart_Door_Enter
                0x00000000      0x10a HAL/SMART_DOOR/SMART_DOOR_Core.o
 .text.Smart_Door_Set
                0x00000000       0xe8 HAL/SMART_DOOR/SMART_DOOR_Core.o
 .bss.Current_Pass.1861
                0x00000000        0x4 HAL/SMART_DOOR/SMART_DOOR_Core.o
 .debug_info    0x00000000      0x872 HAL/SMART_DOOR/SMART_DOOR_Core.o
 .debug_abbrev  0x00000000      0x1a9 HAL/SMART_DOOR/SMART_DOOR_Core.o
 .debug_loc     0x00000000      0x63d HAL/SMART_DOOR/SMART_DOOR_Core.o
 .debug_aranges
                0x00000000       0x38 HAL/SMART_DOOR/SMART_DOOR_Core.o
 .debug_ranges  0x00000000       0x28 HAL/SMART_DOOR/SMART_DOOR_Core.o
 .debug_line    0x00000000      0x442 HAL/SMART_DOOR/SMART_DOOR_Core.o
 .debug_str     0x00000000      0x35e HAL/SMART_DOOR/SMART_DOOR_Core.o
 .comment       0x00000000       0x31 HAL/SMART_DOOR/SMART_DOOR_Core.o
 .debug_frame   0x00000000       0xb0 HAL/SMART_DOOR/SMART_DOOR_Core.o
 COMMON         0x00000000        0x7 HAL/SMART_DOOR/SMART_DOOR_Core.o
 .text          0x00000000        0x0 HAL/TempSensor/TempSesnor_Core.o
 .data          0x00000000        0x0 HAL/TempSensor/TempSesnor_Core.o
 .bss           0x00000000        0x0 HAL/TempSensor/TempSesnor_Core.o
 .text.TempSensor_Init
                0x00000000        0x6 HAL/TempSensor/TempSesnor_Core.o
 .text.TempSensor_Read
                0x00000000       0xf8 HAL/TempSensor/TempSesnor_Core.o
 .bss.arr       0x00000000       0x14 HAL/TempSensor/TempSesnor_Core.o
 .debug_info    0x00000000      0x152 HAL/TempSensor/TempSesnor_Core.o
 .debug_abbrev  0x00000000       0xde HAL/TempSensor/TempSesnor_Core.o
 .debug_loc     0x00000000      0x111 HAL/TempSensor/TempSesnor_Core.o
 .debug_aranges
                0x00000000       0x28 HAL/TempSensor/TempSesnor_Core.o
 .debug_ranges  0x00000000       0x18 HAL/TempSensor/TempSesnor_Core.o
 .debug_line    0x00000000      0x10e HAL/TempSensor/TempSesnor_Core.o
 .debug_str     0x00000000      0x1ce HAL/TempSensor/TempSesnor_Core.o
 .comment       0x00000000       0x31 HAL/TempSensor/TempSesnor_Core.o
 .debug_frame   0x00000000       0x5c HAL/TempSensor/TempSesnor_Core.o
 .text          0x00000000        0x0 HAL/ULTRA_SONIC/ULTRA_SONIC.o
 .data          0x00000000        0x0 HAL/ULTRA_SONIC/ULTRA_SONIC.o
 .bss           0x00000000        0x0 HAL/ULTRA_SONIC/ULTRA_SONIC.o
 .text.Ultra_Sonic_Trigger
                0x00000000       0x2a HAL/ULTRA_SONIC/ULTRA_SONIC.o
 .text.Ultra_Sonic_GetDist
                0x00000000       0x28 HAL/ULTRA_SONIC/ULTRA_SONIC.o
 .debug_info    0x00000000      0x225 HAL/ULTRA_SONIC/ULTRA_SONIC.o
 .debug_abbrev  0x00000000      0x13f HAL/ULTRA_SONIC/ULTRA_SONIC.o
 .debug_loc     0x00000000       0xd8 HAL/ULTRA_SONIC/ULTRA_SONIC.o
 .debug_aranges
                0x00000000       0x28 HAL/ULTRA_SONIC/ULTRA_SONIC.o
 .debug_ranges  0x00000000       0x18 HAL/ULTRA_SONIC/ULTRA_SONIC.o
 .debug_line    0x00000000      0x1aa HAL/ULTRA_SONIC/ULTRA_SONIC.o
 .debug_str     0x00000000      0x249 HAL/ULTRA_SONIC/ULTRA_SONIC.o
 .comment       0x00000000       0x31 HAL/ULTRA_SONIC/ULTRA_SONIC.o
 .debug_frame   0x00000000       0x34 HAL/ULTRA_SONIC/ULTRA_SONIC.o
 .text          0x00000000        0x0 MCAL/ADC/ADC_Core.o
 .data          0x00000000        0x0 MCAL/ADC/ADC_Core.o
 .bss           0x00000000        0x0 MCAL/ADC/ADC_Core.o
 .text.ADC_Init
                0x00000000       0x34 MCAL/ADC/ADC_Core.o
 .text.ADC_Read
                0x00000000       0x34 MCAL/ADC/ADC_Core.o
 .text          0x00000000        0x0 MCAL/DIO/DIO_Core.o
 .data          0x00000000        0x0 MCAL/DIO/DIO_Core.o
 .bss           0x00000000        0x0 MCAL/DIO/DIO_Core.o
 .text.DIO_WriteChennel
                0x00000000      0x10e MCAL/DIO/DIO_Core.o
 .text.DIO_FlipChennel
                0x00000000       0x82 MCAL/DIO/DIO_Core.o
 .text.DIO_WritePort
                0x00000000       0x26 MCAL/DIO/DIO_Core.o
 .text.DIO_ReadPort
                0x00000000       0x36 MCAL/DIO/DIO_Core.o
 .text.DIO_ReadOutPutPort
                0x00000000       0x36 MCAL/DIO/DIO_Core.o
 .text          0x00000000        0x0 MCAL/I2C/I2C_Core.o
 .data          0x00000000        0x0 MCAL/I2C/I2C_Core.o
 .bss           0x00000000        0x0 MCAL/I2C/I2C_Core.o
 .text.I2C_MasterInit
                0x00000000       0x1e MCAL/I2C/I2C_Core.o
 .text.I2C_StartCondition
                0x00000000       0x1a MCAL/I2C/I2C_Core.o
 .text.I2C_RepeatedStart
                0x00000000       0x1c MCAL/I2C/I2C_Core.o
 .text.I2C_SendAddress_WriteOperation
                0x00000000       0x18 MCAL/I2C/I2C_Core.o
 .text.I2C_SendAddress_ReadOperation
                0x00000000       0x1e MCAL/I2C/I2C_Core.o
 .text.I2C_WriteByte
                0x00000000       0x16 MCAL/I2C/I2C_Core.o
 .text.I2C_ReadByte
                0x00000000       0x16 MCAL/I2C/I2C_Core.o
 .text.I2C_StopCondition
                0x00000000        0x6 MCAL/I2C/I2C_Core.o
 .debug_info    0x00000000      0x171 MCAL/I2C/I2C_Core.o
 .debug_abbrev  0x00000000       0x9a MCAL/I2C/I2C_Core.o
 .debug_loc     0x00000000       0x8e MCAL/I2C/I2C_Core.o
 .debug_aranges
                0x00000000       0x58 MCAL/I2C/I2C_Core.o
 .debug_ranges  0x00000000       0x48 MCAL/I2C/I2C_Core.o
 .debug_line    0x00000000      0x1d6 MCAL/I2C/I2C_Core.o
 .debug_str     0x00000000      0x207 MCAL/I2C/I2C_Core.o
 .comment       0x00000000       0x31 MCAL/I2C/I2C_Core.o
 .debug_frame   0x00000000       0x94 MCAL/I2C/I2C_Core.o
 .text          0x00000000        0x0 MCAL/ICU/ICU_Core.o
 .data          0x00000000        0x0 MCAL/ICU/ICU_Core.o
 .bss           0x00000000        0x0 MCAL/ICU/ICU_Core.o
 .text.ICU_Init
                0x00000000       0x12 MCAL/ICU/ICU_Core.o
 .text.ICU_Capture_Time
                0x00000000       0x80 MCAL/ICU/ICU_Core.o
 .debug_info    0x00000000      0x125 MCAL/ICU/ICU_Core.o
 .debug_abbrev  0x00000000       0xac MCAL/ICU/ICU_Core.o
 .debug_loc     0x00000000       0x7b MCAL/ICU/ICU_Core.o
 .debug_aranges
                0x00000000       0x28 MCAL/ICU/ICU_Core.o
 .debug_ranges  0x00000000       0x18 MCAL/ICU/ICU_Core.o
 .debug_line    0x00000000      0x139 MCAL/ICU/ICU_Core.o
 .debug_str     0x00000000      0x1d5 MCAL/ICU/ICU_Core.o
 .comment       0x00000000       0x31 MCAL/ICU/ICU_Core.o
 .debug_frame   0x00000000       0x40 MCAL/ICU/ICU_Core.o
 .text          0x00000000        0x0 MCAL/IRQH/IRQH_Core.o
 .data          0x00000000        0x0 MCAL/IRQH/IRQH_Core.o
 .bss           0x00000000        0x0 MCAL/IRQH/IRQH_Core.o
 .text.IRQH_SetExternalINT
                0x00000000       0x14 MCAL/IRQH/IRQH_Core.o
 .text.IRQH_SetCallBack
                0x00000000       0x12 MCAL/IRQH/IRQH_Core.o
 .text          0x00000000        0x0 MCAL/PORT/PORT_Core.o
 .data          0x00000000        0x0 MCAL/PORT/PORT_Core.o
 .bss           0x00000000        0x0 MCAL/PORT/PORT_Core.o
 .text          0x00000000        0x0 MCAL/PWM/PWM_Core.o
 .data          0x00000000        0x0 MCAL/PWM/PWM_Core.o
 .bss           0x00000000        0x0 MCAL/PWM/PWM_Core.o
 .text.PWM_Init
                0x00000000       0x1a MCAL/PWM/PWM_Core.o
 .text.PWM0_Generate
                0x00000000       0x18 MCAL/PWM/PWM_Core.o
 .text.PWM1_Generate
                0x00000000        0x2 MCAL/PWM/PWM_Core.o
 .debug_info    0x00000000       0xee MCAL/PWM/PWM_Core.o
 .debug_abbrev  0x00000000       0x96 MCAL/PWM/PWM_Core.o
 .debug_loc     0x00000000       0x1e MCAL/PWM/PWM_Core.o
 .debug_aranges
                0x00000000       0x30 MCAL/PWM/PWM_Core.o
 .debug_ranges  0x00000000       0x20 MCAL/PWM/PWM_Core.o
 .debug_line    0x00000000       0x9d MCAL/PWM/PWM_Core.o
 .debug_str     0x00000000      0x196 MCAL/PWM/PWM_Core.o
 .comment       0x00000000       0x31 MCAL/PWM/PWM_Core.o
 .debug_frame   0x00000000       0x44 MCAL/PWM/PWM_Core.o
 .text          0x00000000        0x0 MCAL/SPI/SPI_Core.o
 .data          0x00000000        0x0 MCAL/SPI/SPI_Core.o
 .bss           0x00000000        0x0 MCAL/SPI/SPI_Core.o
 .text          0x00000000        0x0 MCAL/TIMER/TIMER_CORE.o
 .data          0x00000000        0x0 MCAL/TIMER/TIMER_CORE.o
 .bss           0x00000000        0x0 MCAL/TIMER/TIMER_CORE.o
 .text.GPT_Init
                0x00000000       0x26 MCAL/TIMER/TIMER_CORE.o
 .text.GPT_SetTime
                0x00000000        0x2 MCAL/TIMER/TIMER_CORE.o
 .bss.Timer1_Init_Value_g
                0x00000000        0x4 MCAL/TIMER/TIMER_CORE.o
 .text          0x00000000        0x0 MCAL/UART/UART_Core.o
 .data          0x00000000        0x0 MCAL/UART/UART_Core.o
 .bss           0x00000000        0x0 MCAL/UART/UART_Core.o
 .text.UART_Init
                0x00000000       0x24 MCAL/UART/UART_Core.o
 .text.UART_InitiateTX
                0x00000000        0xe MCAL/UART/UART_Core.o
 .text.UART_SendData
                0x00000000       0x3a MCAL/UART/UART_Core.o
 .text.UART_ReceiveData
                0x00000000        0xe MCAL/UART/UART_Core.o
 .text.UART_ReceiveStatus
                0x00000000       0x12 MCAL/UART/UART_Core.o
 .bss.TX_Cnt    0x00000000        0x1 MCAL/UART/UART_Core.o
 .bss.TX_STATUS_FLAG
                0x00000000        0x1 MCAL/UART/UART_Core.o
 .bss.RECEIEVED_STATUS_FLAG
                0x00000000        0x1 MCAL/UART/UART_Core.o
 .bss.UART_TRANSMITTED_DATA
                0x00000000       0x14 MCAL/UART/UART_Core.o
 .bss.REC_DATA  0x00000000        0x1 MCAL/UART/UART_Core.o
 .bss.UART_RECEIEVED_DATA
                0x00000000        0xa MCAL/UART/UART_Core.o
 .debug_info    0x00000000      0x1cd MCAL/UART/UART_Core.o
 .debug_abbrev  0x00000000       0xbd MCAL/UART/UART_Core.o
 .debug_loc     0x00000000       0x58 MCAL/UART/UART_Core.o
 .debug_aranges
                0x00000000       0x40 MCAL/UART/UART_Core.o
 .debug_ranges  0x00000000       0x30 MCAL/UART/UART_Core.o
 .debug_line    0x00000000      0x12a MCAL/UART/UART_Core.o
 .debug_str     0x00000000      0x24a MCAL/UART/UART_Core.o
 .comment       0x00000000       0x31 MCAL/UART/UART_Core.o
 .debug_frame   0x00000000       0x64 MCAL/UART/UART_Core.o
 .text          0x00000000        0x0 MCAL/WDT/WDT_Core.o
 .data          0x00000000        0x0 MCAL/WDT/WDT_Core.o
 .bss           0x00000000        0x0 MCAL/WDT/WDT_Core.o
 .text.WDT_Init
                0x00000000       0x1a MCAL/WDT/WDT_Core.o
 .text.WDT_Off  0x00000000        0x8 MCAL/WDT/WDT_Core.o
 .text.WDT_Refresh
                0x00000000        0xa MCAL/WDT/WDT_Core.o
 .debug_info    0x00000000       0xc2 MCAL/WDT/WDT_Core.o
 .debug_abbrev  0x00000000       0x69 MCAL/WDT/WDT_Core.o
 .debug_aranges
                0x00000000       0x30 MCAL/WDT/WDT_Core.o
 .debug_ranges  0x00000000       0x20 MCAL/WDT/WDT_Core.o
 .debug_line    0x00000000       0xa9 MCAL/WDT/WDT_Core.o
 .debug_str     0x00000000      0x177 MCAL/WDT/WDT_Core.o
 .comment       0x00000000       0x31 MCAL/WDT/WDT_Core.o
 .debug_frame   0x00000000       0x44 MCAL/WDT/WDT_Core.o
 .text          0x00000000        0x0 OS/Scheduler_Core.o
 .data          0x00000000        0x0 OS/Scheduler_Core.o
 .bss           0x00000000        0x0 OS/Scheduler_Core.o
 .text.Scheduler_CallBack
                0x00000000       0xae OS/Scheduler_Core.o
 .text.Scheduler_TaskCreate
                0x00000000       0x46 OS/Scheduler_Core.o
 .text.Scheduler_TaskSuspend
                0x00000000       0x3e OS/Scheduler_Core.o
 .text.Scheduler_Run
                0x00000000       0x5e OS/Scheduler_Core.o
 .bss.System_Tick.1689
                0x00000000        0x4 OS/Scheduler_Core.o
 .bss.Task_number.1677
                0x00000000        0x1 OS/Scheduler_Core.o
 .debug_info    0x00000000      0x2b3 OS/Scheduler_Core.o
 .debug_abbrev  0x00000000      0x172 OS/Scheduler_Core.o
 .debug_loc     0x00000000      0x15f OS/Scheduler_Core.o
 .debug_aranges
                0x00000000       0x38 OS/Scheduler_Core.o
 .debug_ranges  0x00000000       0x28 OS/Scheduler_Core.o
 .debug_line    0x00000000      0x1a9 OS/Scheduler_Core.o
 .debug_str     0x00000000      0x2ca OS/Scheduler_Core.o
 .comment       0x00000000       0x31 OS/Scheduler_Core.o
 .debug_frame   0x00000000       0x80 OS/Scheduler_Core.o
 COMMON         0x00000000        0xc OS/Scheduler_Core.o
 .text          0x00000000        0x0 c:/program files (x86)/atmel/studio/7.0/toolchain/avr8/avr8-gnu-toolchain/bin/../lib/gcc/avr/5.4.0/../../../../avr/lib/avr5\libm.a(fixunssfsi.o)
 .data          0x00000000        0x0 c:/program files (x86)/atmel/studio/7.0/toolchain/avr8/avr8-gnu-toolchain/bin/../lib/gcc/avr/5.4.0/../../../../avr/lib/avr5\libm.a(fixunssfsi.o)
 .bss           0x00000000        0x0 c:/program files (x86)/atmel/studio/7.0/toolchain/avr8/avr8-gnu-toolchain/bin/../lib/gcc/avr/5.4.0/../../../../avr/lib/avr5\libm.a(fixunssfsi.o)
 .text.avr-libc.fplib
                0x00000000       0x5e c:/program files (x86)/atmel/studio/7.0/toolchain/avr8/avr8-gnu-toolchain/bin/../lib/gcc/avr/5.4.0/../../../../avr/lib/avr5\libm.a(fixunssfsi.o)
 .text          0x00000000        0x0 c:/program files (x86)/atmel/studio/7.0/toolchain/avr8/avr8-gnu-toolchain/bin/../lib/gcc/avr/5.4.0/../../../../avr/lib/avr5\libm.a(floatsisf.o)
 .data          0x00000000        0x0 c:/program files (x86)/atmel/studio/7.0/toolchain/avr8/avr8-gnu-toolchain/bin/../lib/gcc/avr/5.4.0/../../../../avr/lib/avr5\libm.a(floatsisf.o)
 .bss           0x00000000        0x0 c:/program files (x86)/atmel/studio/7.0/toolchain/avr8/avr8-gnu-toolchain/bin/../lib/gcc/avr/5.4.0/../../../../avr/lib/avr5\libm.a(floatsisf.o)
 .text.avr-libc.fplib
                0x00000000       0x7a c:/program files (x86)/atmel/studio/7.0/toolchain/avr8/avr8-gnu-toolchain/bin/../lib/gcc/avr/5.4.0/../../../../avr/lib/avr5\libm.a(floatsisf.o)
 .text          0x00000000        0x0 c:/program files (x86)/atmel/studio/7.0/toolchain/avr8/avr8-gnu-toolchain/bin/../lib/gcc/avr/5.4.0/../../../../avr/lib/avr5\libm.a(fp_split3.o)
 .data          0x00000000        0x0 c:/program files (x86)/atmel/studio/7.0/toolchain/avr8/avr8-gnu-toolchain/bin/../lib/gcc/avr/5.4.0/../../../../avr/lib/avr5\libm.a(fp_split3.o)
 .bss           0x00000000        0x0 c:/program files (x86)/atmel/studio/7.0/toolchain/avr8/avr8-gnu-toolchain/bin/../lib/gcc/avr/5.4.0/../../../../avr/lib/avr5\libm.a(fp_split3.o)
 .text.avr-libc.fplib
                0x00000000       0x44 c:/program files (x86)/atmel/studio/7.0/toolchain/avr8/avr8-gnu-toolchain/bin/../lib/gcc/avr/5.4.0/../../../../avr/lib/avr5\libm.a(fp_split3.o)
 .text          0x00000000        0x0 c:/program files (x86)/atmel/studio/7.0/toolchain/avr8/avr8-gnu-toolchain/bin/../lib/gcc/avr/5.4.0/../../../../avr/lib/avr5\libm.a(fp_zero.o)
 .data          0x00000000        0x0 c:/program files (x86)/atmel/studio/7.0/toolchain/avr8/avr8-gnu-toolchain/bin/../lib/gcc/avr/5.4.0/../../../../avr/lib/avr5\libm.a(fp_zero.o)
 .bss           0x00000000        0x0 c:/program files (x86)/atmel/studio/7.0/toolchain/avr8/avr8-gnu-toolchain/bin/../lib/gcc/avr/5.4.0/../../../../avr/lib/avr5\libm.a(fp_zero.o)
 .text.avr-libc.fplib
                0x00000000        0xe c:/program files (x86)/atmel/studio/7.0/toolchain/avr8/avr8-gnu-toolchain/bin/../lib/gcc/avr/5.4.0/../../../../avr/lib/avr5\libm.a(fp_zero.o)
 .text          0x00000000        0x0 c:/program files (x86)/atmel/studio/7.0/toolchain/avr8/avr8-gnu-toolchain/bin/../lib/gcc/avr/5.4.0/../../../../avr/lib/avr5\libm.a(mulsf3.o)
 .data          0x00000000        0x0 c:/program files (x86)/atmel/studio/7.0/toolchain/avr8/avr8-gnu-toolchain/bin/../lib/gcc/avr/5.4.0/../../../../avr/lib/avr5\libm.a(mulsf3.o)
 .bss           0x00000000        0x0 c:/program files (x86)/atmel/studio/7.0/toolchain/avr8/avr8-gnu-toolchain/bin/../lib/gcc/avr/5.4.0/../../../../avr/lib/avr5\libm.a(mulsf3.o)
 .text.avr-libc.fplib
                0x00000000        0x8 c:/program files (x86)/atmel/studio/7.0/toolchain/avr8/avr8-gnu-toolchain/bin/../lib/gcc/avr/5.4.0/../../../../avr/lib/avr5\libm.a(mulsf3.o)
 .text          0x00000000        0x0 c:/program files (x86)/atmel/studio/7.0/toolchain/avr8/avr8-gnu-toolchain/bin/../lib/gcc/avr/5.4.0/../../../../avr/lib/avr5\libm.a(mulsf3x.o)
 .data          0x00000000        0x0 c:/program files (x86)/atmel/studio/7.0/toolchain/avr8/avr8-gnu-toolchain/bin/../lib/gcc/avr/5.4.0/../../../../avr/lib/avr5\libm.a(mulsf3x.o)
 .bss           0x00000000        0x0 c:/program files (x86)/atmel/studio/7.0/toolchain/avr8/avr8-gnu-toolchain/bin/../lib/gcc/avr/5.4.0/../../../../avr/lib/avr5\libm.a(mulsf3x.o)
 .text.avr-libc.fplib
                0x00000000       0xd2 c:/program files (x86)/atmel/studio/7.0/toolchain/avr8/avr8-gnu-toolchain/bin/../lib/gcc/avr/5.4.0/../../../../avr/lib/avr5\libm.a(mulsf3x.o)
 .text          0x00000000        0x0 c:/program files (x86)/atmel/studio/7.0/toolchain/avr8/avr8-gnu-toolchain/bin/../lib/gcc/avr/5.4.0/../../../../avr/lib/avr5\libm.a(fp_inf.o)
 .data          0x00000000        0x0 c:/program files (x86)/atmel/studio/7.0/toolchain/avr8/avr8-gnu-toolchain/bin/../lib/gcc/avr/5.4.0/../../../../avr/lib/avr5\libm.a(fp_inf.o)
 .bss           0x00000000        0x0 c:/program files (x86)/atmel/studio/7.0/toolchain/avr8/avr8-gnu-toolchain/bin/../lib/gcc/avr/5.4.0/../../../../avr/lib/avr5\libm.a(fp_inf.o)
 .text.avr-libc.fplib
                0x00000000        0xc c:/program files (x86)/atmel/studio/7.0/toolchain/avr8/avr8-gnu-toolchain/bin/../lib/gcc/avr/5.4.0/../../../../avr/lib/avr5\libm.a(fp_inf.o)
 .text          0x00000000        0x0 c:/program files (x86)/atmel/studio/7.0/toolchain/avr8/avr8-gnu-toolchain/bin/../lib/gcc/avr/5.4.0/../../../../avr/lib/avr5\libm.a(fp_nan.o)
 .data          0x00000000        0x0 c:/program files (x86)/atmel/studio/7.0/toolchain/avr8/avr8-gnu-toolchain/bin/../lib/gcc/avr/5.4.0/../../../../avr/lib/avr5\libm.a(fp_nan.o)
 .bss           0x00000000        0x0 c:/program files (x86)/atmel/studio/7.0/toolchain/avr8/avr8-gnu-toolchain/bin/../lib/gcc/avr/5.4.0/../../../../avr/lib/avr5\libm.a(fp_nan.o)
 .text.avr-libc.fplib
                0x00000000        0x6 c:/program files (x86)/atmel/studio/7.0/toolchain/avr8/avr8-gnu-toolchain/bin/../lib/gcc/avr/5.4.0/../../../../avr/lib/avr5\libm.a(fp_nan.o)
 .text          0x00000000        0x0 c:/program files (x86)/atmel/studio/7.0/toolchain/avr8/avr8-gnu-toolchain/bin/../lib/gcc/avr/5.4.0/../../../../avr/lib/avr5\libm.a(fp_pscA.o)
 .data          0x00000000        0x0 c:/program files (x86)/atmel/studio/7.0/toolchain/avr8/avr8-gnu-toolchain/bin/../lib/gcc/avr/5.4.0/../../../../avr/lib/avr5\libm.a(fp_pscA.o)
 .bss           0x00000000        0x0 c:/program files (x86)/atmel/studio/7.0/toolchain/avr8/avr8-gnu-toolchain/bin/../lib/gcc/avr/5.4.0/../../../../avr/lib/avr5\libm.a(fp_pscA.o)
 .text.avr-libc.fplib
                0x00000000        0xe c:/program files (x86)/atmel/studio/7.0/toolchain/avr8/avr8-gnu-toolchain/bin/../lib/gcc/avr/5.4.0/../../../../avr/lib/avr5\libm.a(fp_pscA.o)
 .text          0x00000000        0x0 c:/program files (x86)/atmel/studio/7.0/toolchain/avr8/avr8-gnu-toolchain/bin/../lib/gcc/avr/5.4.0/../../../../avr/lib/avr5\libm.a(fp_pscB.o)
 .data          0x00000000        0x0 c:/program files (x86)/atmel/studio/7.0/toolchain/avr8/avr8-gnu-toolchain/bin/../lib/gcc/avr/5.4.0/../../../../avr/lib/avr5\libm.a(fp_pscB.o)
 .bss           0x00000000        0x0 c:/program files (x86)/atmel/studio/7.0/toolchain/avr8/avr8-gnu-toolchain/bin/../lib/gcc/avr/5.4.0/../../../../avr/lib/avr5\libm.a(fp_pscB.o)
 .text.avr-libc.fplib
                0x00000000        0xe c:/program files (x86)/atmel/studio/7.0/toolchain/avr8/avr8-gnu-toolchain/bin/../lib/gcc/avr/5.4.0/../../../../avr/lib/avr5\libm.a(fp_pscB.o)
 .text          0x00000000        0x0 c:/program files (x86)/atmel/studio/7.0/toolchain/avr8/avr8-gnu-toolchain/bin/../lib/gcc/avr/5.4.0/../../../../avr/lib/avr5\libm.a(fp_round.o)
 .data          0x00000000        0x0 c:/program files (x86)/atmel/studio/7.0/toolchain/avr8/avr8-gnu-toolchain/bin/../lib/gcc/avr/5.4.0/../../../../avr/lib/avr5\libm.a(fp_round.o)
 .bss           0x00000000        0x0 c:/program files (x86)/atmel/studio/7.0/toolchain/avr8/avr8-gnu-toolchain/bin/../lib/gcc/avr/5.4.0/../../../../avr/lib/avr5\libm.a(fp_round.o)
 .text.avr-libc.fplib
                0x00000000       0x22 c:/program files (x86)/atmel/studio/7.0/toolchain/avr8/avr8-gnu-toolchain/bin/../lib/gcc/avr/5.4.0/../../../../avr/lib/avr5\libm.a(fp_round.o)
 .text          0x00000000        0x0 c:/program files (x86)/atmel/studio/7.0/toolchain/avr8/avr8-gnu-toolchain/bin/../lib/gcc/avr/5.4.0/avr5\libgcc.a(_mulsi3.o)
 .data          0x00000000        0x0 c:/program files (x86)/atmel/studio/7.0/toolchain/avr8/avr8-gnu-toolchain/bin/../lib/gcc/avr/5.4.0/avr5\libgcc.a(_mulsi3.o)
 .bss           0x00000000        0x0 c:/program files (x86)/atmel/studio/7.0/toolchain/avr8/avr8-gnu-toolchain/bin/../lib/gcc/avr/5.4.0/avr5\libgcc.a(_mulsi3.o)
 .text.libgcc.mul
                0x00000000       0x20 c:/program files (x86)/atmel/studio/7.0/toolchain/avr8/avr8-gnu-toolchain/bin/../lib/gcc/avr/5.4.0/avr5\libgcc.a(_mulsi3.o)
 .text.libgcc.div
                0x00000000        0x0 c:/program files (x86)/atmel/studio/7.0/toolchain/avr8/avr8-gnu-toolchain/bin/../lib/gcc/avr/5.4.0/avr5\libgcc.a(_mulsi3.o)
 .text.libgcc   0x00000000        0x0 c:/program files (x86)/atmel/studio/7.0/toolchain/avr8/avr8-gnu-toolchain/bin/../lib/gcc/avr/5.4.0/avr5\libgcc.a(_mulsi3.o)
 .text.libgcc.prologue
                0x00000000        0x0 c:/program files (x86)/atmel/studio/7.0/toolchain/avr8/avr8-gnu-toolchain/bin/../lib/gcc/avr/5.4.0/avr5\libgcc.a(_mulsi3.o)
 .text.libgcc.builtins
                0x00000000        0x0 c:/program files (x86)/atmel/studio/7.0/toolchain/avr8/avr8-gnu-toolchain/bin/../lib/gcc/avr/5.4.0/avr5\libgcc.a(_mulsi3.o)
 .text.libgcc.fmul
                0x00000000        0x0 c:/program files (x86)/atmel/studio/7.0/toolchain/avr8/avr8-gnu-toolchain/bin/../lib/gcc/avr/5.4.0/avr5\libgcc.a(_mulsi3.o)
 .text.libgcc.fixed
                0x00000000        0x0 c:/program files (x86)/atmel/studio/7.0/toolchain/avr8/avr8-gnu-toolchain/bin/../lib/gcc/avr/5.4.0/avr5\libgcc.a(_mulsi3.o)
 .text          0x00000000        0x0 c:/program files (x86)/atmel/studio/7.0/toolchain/avr8/avr8-gnu-toolchain/bin/../lib/gcc/avr/5.4.0/avr5\libgcc.a(_divmodhi4.o)
 .data          0x00000000        0x0 c:/program files (x86)/atmel/studio/7.0/toolchain/avr8/avr8-gnu-toolchain/bin/../lib/gcc/avr/5.4.0/avr5\libgcc.a(_divmodhi4.o)
 .bss           0x00000000        0x0 c:/program files (x86)/atmel/studio/7.0/toolchain/avr8/avr8-gnu-toolchain/bin/../lib/gcc/avr/5.4.0/avr5\libgcc.a(_divmodhi4.o)
 .text.libgcc.mul
                0x00000000        0x0 c:/program files (x86)/atmel/studio/7.0/toolchain/avr8/avr8-gnu-toolchain/bin/../lib/gcc/avr/5.4.0/avr5\libgcc.a(_divmodhi4.o)
 .text.libgcc.div
                0x00000000       0x28 c:/program files (x86)/atmel/studio/7.0/toolchain/avr8/avr8-gnu-toolchain/bin/../lib/gcc/avr/5.4.0/avr5\libgcc.a(_divmodhi4.o)
 .text.libgcc   0x00000000        0x0 c:/program files (x86)/atmel/studio/7.0/toolchain/avr8/avr8-gnu-toolchain/bin/../lib/gcc/avr/5.4.0/avr5\libgcc.a(_divmodhi4.o)
 .text.libgcc.prologue
                0x00000000        0x0 c:/program files (x86)/atmel/studio/7.0/toolchain/avr8/avr8-gnu-toolchain/bin/../lib/gcc/avr/5.4.0/avr5\libgcc.a(_divmodhi4.o)
 .text.libgcc.builtins
                0x00000000        0x0 c:/program files (x86)/atmel/studio/7.0/toolchain/avr8/avr8-gnu-toolchain/bin/../lib/gcc/avr/5.4.0/avr5\libgcc.a(_divmodhi4.o)
 .text.libgcc.fmul
                0x00000000        0x0 c:/program files (x86)/atmel/studio/7.0/toolchain/avr8/avr8-gnu-toolchain/bin/../lib/gcc/avr/5.4.0/avr5\libgcc.a(_divmodhi4.o)
 .text.libgcc.fixed
                0x00000000        0x0 c:/program files (x86)/atmel/studio/7.0/toolchain/avr8/avr8-gnu-toolchain/bin/../lib/gcc/avr/5.4.0/avr5\libgcc.a(_divmodhi4.o)
 .text          0x00000000        0x0 c:/program files (x86)/atmel/studio/7.0/toolchain/avr8/avr8-gnu-toolchain/bin/../lib/gcc/avr/5.4.0/avr5\libgcc.a(_udivmodsi4.o)
 .data          0x00000000        0x0 c:/program files (x86)/atmel/studio/7.0/toolchain/avr8/avr8-gnu-toolchain/bin/../lib/gcc/avr/5.4.0/avr5\libgcc.a(_udivmodsi4.o)
 .bss           0x00000000        0x0 c:/program files (x86)/atmel/studio/7.0/toolchain/avr8/avr8-gnu-toolchain/bin/../lib/gcc/avr/5.4.0/avr5\libgcc.a(_udivmodsi4.o)
 .text.libgcc.mul
                0x00000000        0x0 c:/program files (x86)/atmel/studio/7.0/toolchain/avr8/avr8-gnu-toolchain/bin/../lib/gcc/avr/5.4.0/avr5\libgcc.a(_udivmodsi4.o)
 .text.libgcc   0x00000000        0x0 c:/program files (x86)/atmel/studio/7.0/toolchain/avr8/avr8-gnu-toolchain/bin/../lib/gcc/avr/5.4.0/avr5\libgcc.a(_udivmodsi4.o)
 .text.libgcc.prologue
                0x00000000        0x0 c:/program files (x86)/atmel/studio/7.0/toolchain/avr8/avr8-gnu-toolchain/bin/../lib/gcc/avr/5.4.0/avr5\libgcc.a(_udivmodsi4.o)
 .text.libgcc.builtins
                0x00000000        0x0 c:/program files (x86)/atmel/studio/7.0/toolchain/avr8/avr8-gnu-toolchain/bin/../lib/gcc/avr/5.4.0/avr5\libgcc.a(_udivmodsi4.o)
 .text.libgcc.fmul
                0x00000000        0x0 c:/program files (x86)/atmel/studio/7.0/toolchain/avr8/avr8-gnu-toolchain/bin/../lib/gcc/avr/5.4.0/avr5\libgcc.a(_udivmodsi4.o)
 .text.libgcc.fixed
                0x00000000        0x0 c:/program files (x86)/atmel/studio/7.0/toolchain/avr8/avr8-gnu-toolchain/bin/../lib/gcc/avr/5.4.0/avr5\libgcc.a(_udivmodsi4.o)
 .text          0x00000000        0x0 c:/program files (x86)/atmel/studio/7.0/toolchain/avr8/avr8-gnu-toolchain/bin/../lib/gcc/avr/5.4.0/avr5\libgcc.a(_divmodsi4.o)
 .data          0x00000000        0x0 c:/program files (x86)/atmel/studio/7.0/toolchain/avr8/avr8-gnu-toolchain/bin/../lib/gcc/avr/5.4.0/avr5\libgcc.a(_divmodsi4.o)
 .bss           0x00000000        0x0 c:/program files (x86)/atmel/studio/7.0/toolchain/avr8/avr8-gnu-toolchain/bin/../lib/gcc/avr/5.4.0/avr5\libgcc.a(_divmodsi4.o)
 .text.libgcc.mul
                0x00000000        0x0 c:/program files (x86)/atmel/studio/7.0/toolchain/avr8/avr8-gnu-toolchain/bin/../lib/gcc/avr/5.4.0/avr5\libgcc.a(_divmodsi4.o)
 .text.libgcc.div
                0x00000000       0x2e c:/program files (x86)/atmel/studio/7.0/toolchain/avr8/avr8-gnu-toolchain/bin/../lib/gcc/avr/5.4.0/avr5\libgcc.a(_divmodsi4.o)
 .text.libgcc   0x00000000        0x0 c:/program files (x86)/atmel/studio/7.0/toolchain/avr8/avr8-gnu-toolchain/bin/../lib/gcc/avr/5.4.0/avr5\libgcc.a(_divmodsi4.o)
 .text.libgcc.prologue
                0x00000000        0x0 c:/program files (x86)/atmel/studio/7.0/toolchain/avr8/avr8-gnu-toolchain/bin/../lib/gcc/avr/5.4.0/avr5\libgcc.a(_divmodsi4.o)
 .text.libgcc.builtins
                0x00000000        0x0 c:/program files (x86)/atmel/studio/7.0/toolchain/avr8/avr8-gnu-toolchain/bin/../lib/gcc/avr/5.4.0/avr5\libgcc.a(_divmodsi4.o)
 .text.libgcc.fmul
                0x00000000        0x0 c:/program files (x86)/atmel/studio/7.0/toolchain/avr8/avr8-gnu-toolchain/bin/../lib/gcc/avr/5.4.0/avr5\libgcc.a(_divmodsi4.o)
 .text.libgcc.fixed
                0x00000000        0x0 c:/program files (x86)/atmel/studio/7.0/toolchain/avr8/avr8-gnu-toolchain/bin/../lib/gcc/avr/5.4.0/avr5\libgcc.a(_divmodsi4.o)
 .text          0x00000000        0x0 c:/program files (x86)/atmel/studio/7.0/toolchain/avr8/avr8-gnu-toolchain/bin/../lib/gcc/avr/5.4.0/avr5\libgcc.a(_negsi2.o)
 .data          0x00000000        0x0 c:/program files (x86)/atmel/studio/7.0/toolchain/avr8/avr8-gnu-toolchain/bin/../lib/gcc/avr/5.4.0/avr5\libgcc.a(_negsi2.o)
 .bss           0x00000000        0x0 c:/program files (x86)/atmel/studio/7.0/toolchain/avr8/avr8-gnu-toolchain/bin/../lib/gcc/avr/5.4.0/avr5\libgcc.a(_negsi2.o)
 .text.libgcc.mul
                0x00000000        0x0 c:/program files (x86)/atmel/studio/7.0/toolchain/avr8/avr8-gnu-toolchain/bin/../lib/gcc/avr/5.4.0/avr5\libgcc.a(_negsi2.o)
 .text.libgcc.div
                0x00000000       0x10 c:/program files (x86)/atmel/studio/7.0/toolchain/avr8/avr8-gnu-toolchain/bin/../lib/gcc/avr/5.4.0/avr5\libgcc.a(_negsi2.o)
 .text.libgcc   0x00000000        0x0 c:/program files (x86)/atmel/studio/7.0/toolchain/avr8/avr8-gnu-toolchain/bin/../lib/gcc/avr/5.4.0/avr5\libgcc.a(_negsi2.o)
 .text.libgcc.prologue
                0x00000000        0x0 c:/program files (x86)/atmel/studio/7.0/toolchain/avr8/avr8-gnu-toolchain/bin/../lib/gcc/avr/5.4.0/avr5\libgcc.a(_negsi2.o)
 .text.libgcc.builtins
                0x00000000        0x0 c:/program files (x86)/atmel/studio/7.0/toolchain/avr8/avr8-gnu-toolchain/bin/../lib/gcc/avr/5.4.0/avr5\libgcc.a(_negsi2.o)
 .text.libgcc.fmul
                0x00000000        0x0 c:/program files (x86)/atmel/studio/7.0/toolchain/avr8/avr8-gnu-toolchain/bin/../lib/gcc/avr/5.4.0/avr5\libgcc.a(_negsi2.o)
 .text.libgcc.fixed
                0x00000000        0x0 c:/program files (x86)/atmel/studio/7.0/toolchain/avr8/avr8-gnu-toolchain/bin/../lib/gcc/avr/5.4.0/avr5\libgcc.a(_negsi2.o)
 .text          0x00000000        0x0 c:/program files (x86)/atmel/studio/7.0/toolchain/avr8/avr8-gnu-toolchain/bin/../lib/gcc/avr/5.4.0/avr5\libgcc.a(_exit.o)
 .data          0x00000000        0x0 c:/program files (x86)/atmel/studio/7.0/toolchain/avr8/avr8-gnu-toolchain/bin/../lib/gcc/avr/5.4.0/avr5\libgcc.a(_exit.o)
 .bss           0x00000000        0x0 c:/program files (x86)/atmel/studio/7.0/toolchain/avr8/avr8-gnu-toolchain/bin/../lib/gcc/avr/5.4.0/avr5\libgcc.a(_exit.o)
 .text.libgcc.mul
                0x00000000        0x0 c:/program files (x86)/atmel/studio/7.0/toolchain/avr8/avr8-gnu-toolchain/bin/../lib/gcc/avr/5.4.0/avr5\libgcc.a(_exit.o)
 .text.libgcc.div
                0x00000000        0x0 c:/program files (x86)/atmel/studio/7.0/toolchain/avr8/avr8-gnu-toolchain/bin/../lib/gcc/avr/5.4.0/avr5\libgcc.a(_exit.o)
 .text.libgcc   0x00000000        0x0 c:/program files (x86)/atmel/studio/7.0/toolchain/avr8/avr8-gnu-toolchain/bin/../lib/gcc/avr/5.4.0/avr5\libgcc.a(_exit.o)
 .text.libgcc.prologue
                0x00000000        0x0 c:/program files (x86)/atmel/studio/7.0/toolchain/avr8/avr8-gnu-toolchain/bin/../lib/gcc/avr/5.4.0/avr5\libgcc.a(_exit.o)
 .text.libgcc.builtins
                0x00000000        0x0 c:/program files (x86)/atmel/studio/7.0/toolchain/avr8/avr8-gnu-toolchain/bin/../lib/gcc/avr/5.4.0/avr5\libgcc.a(_exit.o)
 .text.libgcc.fmul
                0x00000000        0x0 c:/program files (x86)/atmel/studio/7.0/toolchain/avr8/avr8-gnu-toolchain/bin/../lib/gcc/avr/5.4.0/avr5\libgcc.a(_exit.o)
 .text.libgcc.fixed
                0x00000000        0x0 c:/program files (x86)/atmel/studio/7.0/toolchain/avr8/avr8-gnu-toolchain/bin/../lib/gcc/avr/5.4.0/avr5\libgcc.a(_exit.o)
 .text          0x00000000        0x0 c:/program files (x86)/atmel/studio/7.0/toolchain/avr8/avr8-gnu-toolchain/bin/../lib/gcc/avr/5.4.0/avr5\libgcc.a(_copy_data.o)
 .data          0x00000000        0x0 c:/program files (x86)/atmel/studio/7.0/toolchain/avr8/avr8-gnu-toolchain/bin/../lib/gcc/avr/5.4.0/avr5\libgcc.a(_copy_data.o)
 .bss           0x00000000        0x0 c:/program files (x86)/atmel/studio/7.0/toolchain/avr8/avr8-gnu-toolchain/bin/../lib/gcc/avr/5.4.0/avr5\libgcc.a(_copy_data.o)
 .text.libgcc.mul
                0x00000000        0x0 c:/program files (x86)/atmel/studio/7.0/toolchain/avr8/avr8-gnu-toolchain/bin/../lib/gcc/avr/5.4.0/avr5\libgcc.a(_copy_data.o)
 .text.libgcc.div
                0x00000000        0x0 c:/program files (x86)/atmel/studio/7.0/toolchain/avr8/avr8-gnu-toolchain/bin/../lib/gcc/avr/5.4.0/avr5\libgcc.a(_copy_data.o)
 .text.libgcc   0x00000000        0x0 c:/program files (x86)/atmel/studio/7.0/toolchain/avr8/avr8-gnu-toolchain/bin/../lib/gcc/avr/5.4.0/avr5\libgcc.a(_copy_data.o)
 .text.libgcc.prologue
                0x00000000        0x0 c:/program files (x86)/atmel/studio/7.0/toolchain/avr8/avr8-gnu-toolchain/bin/../lib/gcc/avr/5.4.0/avr5\libgcc.a(_copy_data.o)
 .text.libgcc.builtins
                0x00000000        0x0 c:/program files (x86)/atmel/studio/7.0/toolchain/avr8/avr8-gnu-toolchain/bin/../lib/gcc/avr/5.4.0/avr5\libgcc.a(_copy_data.o)
 .text.libgcc.fmul
                0x00000000        0x0 c:/program files (x86)/atmel/studio/7.0/toolchain/avr8/avr8-gnu-toolchain/bin/../lib/gcc/avr/5.4.0/avr5\libgcc.a(_copy_data.o)
 .text.libgcc.fixed
                0x00000000        0x0 c:/program files (x86)/atmel/studio/7.0/toolchain/avr8/avr8-gnu-toolchain/bin/../lib/gcc/avr/5.4.0/avr5\libgcc.a(_copy_data.o)
 .text          0x00000000        0x0 c:/program files (x86)/atmel/studio/7.0/toolchain/avr8/avr8-gnu-toolchain/bin/../lib/gcc/avr/5.4.0/avr5\libgcc.a(_clear_bss.o)
 .data          0x00000000        0x0 c:/program files (x86)/atmel/studio/7.0/toolchain/avr8/avr8-gnu-toolchain/bin/../lib/gcc/avr/5.4.0/avr5\libgcc.a(_clear_bss.o)
 .bss           0x00000000        0x0 c:/program files (x86)/atmel/studio/7.0/toolchain/avr8/avr8-gnu-toolchain/bin/../lib/gcc/avr/5.4.0/avr5\libgcc.a(_clear_bss.o)
 .text.libgcc.mul
                0x00000000        0x0 c:/program files (x86)/atmel/studio/7.0/toolchain/avr8/avr8-gnu-toolchain/bin/../lib/gcc/avr/5.4.0/avr5\libgcc.a(_clear_bss.o)
 .text.libgcc.div
                0x00000000        0x0 c:/program files (x86)/atmel/studio/7.0/toolchain/avr8/avr8-gnu-toolchain/bin/../lib/gcc/avr/5.4.0/avr5\libgcc.a(_clear_bss.o)
 .text.libgcc   0x00000000        0x0 c:/program files (x86)/atmel/studio/7.0/toolchain/avr8/avr8-gnu-toolchain/bin/../lib/gcc/avr/5.4.0/avr5\libgcc.a(_clear_bss.o)
 .text.libgcc.prologue
                0x00000000        0x0 c:/program files (x86)/atmel/studio/7.0/toolchain/avr8/avr8-gnu-toolchain/bin/../lib/gcc/avr/5.4.0/avr5\libgcc.a(_clear_bss.o)
 .text.libgcc.builtins
                0x00000000        0x0 c:/program files (x86)/atmel/studio/7.0/toolchain/avr8/avr8-gnu-toolchain/bin/../lib/gcc/avr/5.4.0/avr5\libgcc.a(_clear_bss.o)
 .text.libgcc.fmul
                0x00000000        0x0 c:/program files (x86)/atmel/studio/7.0/toolchain/avr8/avr8-gnu-toolchain/bin/../lib/gcc/avr/5.4.0/avr5\libgcc.a(_clear_bss.o)
 .text.libgcc.fixed
                0x00000000        0x0 c:/program files (x86)/atmel/studio/7.0/toolchain/avr8/avr8-gnu-toolchain/bin/../lib/gcc/avr/5.4.0/avr5\libgcc.a(_clear_bss.o)
 .text          0x00000000        0x0 c:/program files (x86)/atmel/studio/7.0/toolchain/avr8/avr8-gnu-toolchain/bin/../lib/gcc/avr/5.4.0/avr5\libgcc.a(_umulhisi3.o)
 .data          0x00000000        0x0 c:/program files (x86)/atmel/studio/7.0/toolchain/avr8/avr8-gnu-toolchain/bin/../lib/gcc/avr/5.4.0/avr5\libgcc.a(_umulhisi3.o)
 .bss           0x00000000        0x0 c:/program files (x86)/atmel/studio/7.0/toolchain/avr8/avr8-gnu-toolchain/bin/../lib/gcc/avr/5.4.0/avr5\libgcc.a(_umulhisi3.o)
 .text.libgcc.div
                0x00000000        0x0 c:/program files (x86)/atmel/studio/7.0/toolchain/avr8/avr8-gnu-toolchain/bin/../lib/gcc/avr/5.4.0/avr5\libgcc.a(_umulhisi3.o)
 .text.libgcc   0x00000000        0x0 c:/program files (x86)/atmel/studio/7.0/toolchain/avr8/avr8-gnu-toolchain/bin/../lib/gcc/avr/5.4.0/avr5\libgcc.a(_umulhisi3.o)
 .text.libgcc.prologue
                0x00000000        0x0 c:/program files (x86)/atmel/studio/7.0/toolchain/avr8/avr8-gnu-toolchain/bin/../lib/gcc/avr/5.4.0/avr5\libgcc.a(_umulhisi3.o)
 .text.libgcc.builtins
                0x00000000        0x0 c:/program files (x86)/atmel/studio/7.0/toolchain/avr8/avr8-gnu-toolchain/bin/../lib/gcc/avr/5.4.0/avr5\libgcc.a(_umulhisi3.o)
 .text.libgcc.fmul
                0x00000000        0x0 c:/program files (x86)/atmel/studio/7.0/toolchain/avr8/avr8-gnu-toolchain/bin/../lib/gcc/avr/5.4.0/avr5\libgcc.a(_umulhisi3.o)
 .text.libgcc.fixed
                0x00000000        0x0 c:/program files (x86)/atmel/studio/7.0/toolchain/avr8/avr8-gnu-toolchain/bin/../lib/gcc/avr/5.4.0/avr5\libgcc.a(_umulhisi3.o)
 .text          0x00000000        0x0 c:/program files (x86)/atmel/studio/7.0/toolchain/avr8/avr8-gnu-toolchain/bin/../lib/gcc/avr/5.4.0/avr5\libgcc.a(_muluhisi3.o)
 .data          0x00000000        0x0 c:/program files (x86)/atmel/studio/7.0/toolchain/avr8/avr8-gnu-toolchain/bin/../lib/gcc/avr/5.4.0/avr5\libgcc.a(_muluhisi3.o)
 .bss           0x00000000        0x0 c:/program files (x86)/atmel/studio/7.0/toolchain/avr8/avr8-gnu-toolchain/bin/../lib/gcc/avr/5.4.0/avr5\libgcc.a(_muluhisi3.o)
 .text.libgcc.div
                0x00000000        0x0 c:/program files (x86)/atmel/studio/7.0/toolchain/avr8/avr8-gnu-toolchain/bin/../lib/gcc/avr/5.4.0/avr5\libgcc.a(_muluhisi3.o)
 .text.libgcc   0x00000000        0x0 c:/program files (x86)/atmel/studio/7.0/toolchain/avr8/avr8-gnu-toolchain/bin/../lib/gcc/avr/5.4.0/avr5\libgcc.a(_muluhisi3.o)
 .text.libgcc.prologue
                0x00000000        0x0 c:/program files (x86)/atmel/studio/7.0/toolchain/avr8/avr8-gnu-toolchain/bin/../lib/gcc/avr/5.4.0/avr5\libgcc.a(_muluhisi3.o)
 .text.libgcc.builtins
                0x00000000        0x0 c:/program files (x86)/atmel/studio/7.0/toolchain/avr8/avr8-gnu-toolchain/bin/../lib/gcc/avr/5.4.0/avr5\libgcc.a(_muluhisi3.o)
 .text.libgcc.fmul
                0x00000000        0x0 c:/program files (x86)/atmel/studio/7.0/toolchain/avr8/avr8-gnu-toolchain/bin/../lib/gcc/avr/5.4.0/avr5\libgcc.a(_muluhisi3.o)
 .text.libgcc.fixed
                0x00000000        0x0 c:/program files (x86)/atmel/studio/7.0/toolchain/avr8/avr8-gnu-toolchain/bin/../lib/gcc/avr/5.4.0/avr5\libgcc.a(_muluhisi3.o)
 .text          0x00000000        0x0 c:/program files (x86)/atmel/studio/7.0/toolchain/avr8/avr8-gnu-toolchain/bin/../lib/gcc/avr/5.4.0/avr5\libgcc.a(_udivmodhi4.o)
 .data          0x00000000        0x0 c:/program files (x86)/atmel/studio/7.0/toolchain/avr8/avr8-gnu-toolchain/bin/../lib/gcc/avr/5.4.0/avr5\libgcc.a(_udivmodhi4.o)
 .bss           0x00000000        0x0 c:/program files (x86)/atmel/studio/7.0/toolchain/avr8/avr8-gnu-toolchain/bin/../lib/gcc/avr/5.4.0/avr5\libgcc.a(_udivmodhi4.o)
 .text.libgcc.mul
                0x00000000        0x0 c:/program files (x86)/atmel/studio/7.0/toolchain/avr8/avr8-gnu-toolchain/bin/../lib/gcc/avr/5.4.0/avr5\libgcc.a(_udivmodhi4.o)
 .text.libgcc.div
                0x00000000       0x28 c:/program files (x86)/atmel/studio/7.0/toolchain/avr8/avr8-gnu-toolchain/bin/../lib/gcc/avr/5.4.0/avr5\libgcc.a(_udivmodhi4.o)
 .text.libgcc   0x00000000        0x0 c:/program files (x86)/atmel/studio/7.0/toolchain/avr8/avr8-gnu-toolchain/bin/../lib/gcc/avr/5.4.0/avr5\libgcc.a(_udivmodhi4.o)
 .text.libgcc.prologue
                0x00000000        0x0 c:/program files (x86)/atmel/studio/7.0/toolchain/avr8/avr8-gnu-toolchain/bin/../lib/gcc/avr/5.4.0/avr5\libgcc.a(_udivmodhi4.o)
 .text.libgcc.builtins
                0x00000000        0x0 c:/program files (x86)/atmel/studio/7.0/toolchain/avr8/avr8-gnu-toolchain/bin/../lib/gcc/avr/5.4.0/avr5\libgcc.a(_udivmodhi4.o)
 .text.libgcc.fmul
                0x00000000        0x0 c:/program files (x86)/atmel/studio/7.0/toolchain/avr8/avr8-gnu-toolchain/bin/../lib/gcc/avr/5.4.0/avr5\libgcc.a(_udivmodhi4.o)
 .text.libgcc.fixed
                0x00000000        0x0 c:/program files (x86)/atmel/studio/7.0/toolchain/avr8/avr8-gnu-toolchain/bin/../lib/gcc/avr/5.4.0/avr5\libgcc.a(_udivmodhi4.o)

Memory Configuration

Name             Origin             Length             Attributes
text             0x00000000         0x00008000         xr
data             0x00800060         0x00000800         rw !x
eeprom           0x00810000         0x00000400         rw !x
fuse             0x00820000         0x00000002         rw !x
lock             0x00830000         0x00000400         rw !x
signature        0x00840000         0x00000400         rw !x
user_signatures  0x00850000         0x00000400         rw !x
*default*        0x00000000         0xffffffff

Linker script and memory map

LOAD C:/Program Files (x86)/Atmel/Studio/7.0/Packs/atmel/ATmega_DFP/1.7.374/gcc/dev/atmega32/avr5/crtatmega32.o
LOAD App/CFGH/HAL_CFG/KeyPad_Cfg/KeyPad_Cfg.o
LOAD App/CFGH/MCAL_CFG/PORT_CFG/PORT_LCFG.o
LOAD App/Main/main.o
LOAD HAL/Battery_Volt_Management/BVM_Core.o
LOAD HAL/BTN/BTN.o
LOAD HAL/BUZZER/BUZZER.o
LOAD HAL/Calculator/Calculator_Core.o
LOAD HAL/DC_MOTOR/DC_MOTOR_Core.o
LOAD HAL/EEPROM/EEPROM_Core.o
LOAD HAL/KeyPad/KeyPad_Core.o
LOAD HAL/LCD/LCD_Core.o
LOAD HAL/LED/LED.o
LOAD HAL/SERVO_MOTOR/SERVO_MOTOR_Core.o
LOAD HAL/SevSeg/SevSeg_Core.o
LOAD HAL/SMART_DOOR/SMART_DOOR_Core.o
LOAD HAL/TempSensor/TempSesnor_Core.o
LOAD HAL/ULTRA_SONIC/ULTRA_SONIC.o
LOAD MCAL/ADC/ADC_Core.o
LOAD MCAL/DIO/DIO_Core.o
LOAD MCAL/I2C/I2C_Core.o
LOAD MCAL/ICU/ICU_Core.o
LOAD MCAL/IRQH/IRQH_Core.o
LOAD MCAL/PORT/PORT_Core.o
LOAD MCAL/PWM/PWM_Core.o
LOAD MCAL/SPI/SPI_Core.o
LOAD MCAL/TIMER/TIMER_CORE.o
LOAD MCAL/UART/UART_Core.o
LOAD MCAL/WDT/WDT_Core.o
LOAD OS/Scheduler_Core.o
START GROUP
LOAD c:/program files (x86)/atmel/studio/7.0/toolchain/avr8/avr8-gnu-toolchain/bin/../lib/gcc/avr/5.4.0/../../../../avr/lib/avr5\libm.a
END GROUP
START GROUP
LOAD c:/program files (x86)/atmel/studio/7.0/toolchain/avr8/avr8-gnu-toolchain/bin/../lib/gcc/avr/5.4.0/avr5\libgcc.a
LOAD c:/program files (x86)/atmel/studio/7.0/toolchain/avr8/avr8-gnu-toolchain/bin/../lib/gcc/avr/5.4.0/../../../../avr/lib/avr5\libm.a
LOAD c:/program files (x86)/atmel/studio/7.0/toolchain/avr8/avr8-gnu-toolchain/bin/../lib/gcc/avr/5.4.0/../../../../avr/lib/avr5\libc.a
LOAD C:/Program Files (x86)/Atmel/Studio/7.0/Packs/atmel/ATmega_DFP/1.7.374/gcc/dev/atmega32/avr5\libatmega32.a
END GROUP
                0x00000000                __TEXT_REGION_ORIGIN__ = DEFINED (__TEXT_REGION_ORIGIN__)?__TEXT_REGION_ORIGIN__:0x0
                [0x00800060]                __DATA_REGION_ORIGIN__ = DEFINED (__DATA_REGION_ORIGIN__)?__DATA_REGION_ORIGIN__:0x800060
                [0x00008000]                __TEXT_REGION_LENGTH__ = DEFINED (__TEXT_REGION_LENGTH__)?__TEXT_REGION_LENGTH__:0x20000
                [0x00000800]                __DATA_REGION_LENGTH__ = DEFINED (__DATA_REGION_LENGTH__)?__DATA_REGION_LENGTH__:0xffa0
                [0x00000400]                __EEPROM_REGION_LENGTH__ = DEFINED (__EEPROM_REGION_LENGTH__)?__EEPROM_REGION_LENGTH__:0x10000
                [0x00000002]                __FUSE_REGION_LENGTH__ = DEFINED (__FUSE_REGION_LENGTH__)?__FUSE_REGION_LENGTH__:0x400
                0x00000400                __LOCK_REGION_LENGTH__ = DEFINED (__LOCK_REGION_LENGTH__)?__LOCK_REGION_LENGTH__:0x400
                0x00000400                __SIGNATURE_REGION_LENGTH__ = DEFINED (__SIGNATURE_REGION_LENGTH__)?__SIGNATURE_REGION_LENGTH__:0x400
                0x00000400                __USER_SIGNATURE_REGION_LENGTH__ = DEFINED (__USER_SIGNATURE_REGION_LENGTH__)?__USER_SIGNATURE_REGION_LENGTH__:0x400

.hash
 *(.hash)

.dynsym
 *(.dynsym)

.dynstr
 *(.dynstr)

.gnu.version
 *(.gnu.version)

.gnu.version_d
 *(.gnu.version_d)

.gnu.version_r
 *(.gnu.version_r)

.rel.init
 *(.rel.init)

.rela.init
 *(.rela.init)

.rel.text
 *(.rel.text)
 *(.rel.text.*)
 *(.rel.gnu.linkonce.t*)

.rela.text
 *(.rela.text)
 *(.rela.text.*)
 *(.rela.gnu.linkonce.t*)

.rel.fini
 *(.rel.fini)

.rela.fini
 *(.rela.fini)

.rel.rodata
 *(.rel.rodata)
 *(.rel.rodata.*)
 *(.rel.gnu.linkonce.r*)

.rela.rodata
 *(.rela.rodata)
 *(.rela.rodata.*)
 *(.rela.gnu.linkonce.r*)

.rel.data
 *(.rel.data)
 *(.rel.data.*)
 *(.rel.gnu.linkonce.d*)

.rela.data
 *(.rela.data)
 *(.rela.data.*)
 *(.rela.gnu.linkonce.d*)

.rel.ctors
 *(.rel.ctors)

.rela.ctors
 *(.rela.ctors)

.rel.dtors
 *(.rel.dtors)

.rela.dtors
 *(.rela.dtors)

.rel.got
 *(.rel.got)

.rela.got
 *(.rela.got)

.rel.bss
 *(.rel.bss)

.rela.bss
 *(.rela.bss)

.rel.plt
 *(.rel.plt)

.rela.plt
 *(.rela.plt)

.text           0x00000000      0x6c8
 *(.vectors)
 .vectors       0x00000000       0x54 C:/Program Files (x86)/Atmel/Studio/7.0/Packs/atmel/ATmega_DFP/1.7.374/gcc/dev/atmega32/avr5/crtatmega32.o
                0x00000000                __vector_default
                0x00000000                __vectors
 *(.vectors)
 *(.progmem.gcc*)
                0x00000054                . = ALIGN (0x2)
                0x00000054                __trampolines_start = .
 *(.trampolines)
 .trampolines   0x00000054        0x0 linker stubs
 *(.trampolines*)
                0x00000054                __trampolines_end = .
 *libprintf_flt.a:*(.progmem.data)
 *libc.a:*(.progmem.data)
 *(.progmem*)
                0x00000054                . = ALIGN (0x2)
 *(.jumptables)
 *(.jumptables*)
 *(.lowtext)
 *(.lowtext*)
                0x00000054                __ctors_start = .
 *(.ctors)
                0x00000054                __ctors_end = .
                0x00000054                __dtors_start = .
 *(.dtors)
                0x00000054                __dtors_end = .
 SORT(*)(.ctors)
 SORT(*)(.dtors)
 *(.init0)
 .init0         0x00000054        0x0 C:/Program Files (x86)/Atmel/Studio/7.0/Packs/atmel/ATmega_DFP/1.7.374/gcc/dev/atmega32/avr5/crtatmega32.o
                0x00000054                __init
 *(.init0)
 *(.init1)
 *(.init1)
 *(.init2)
 .init2         0x00000054        0xc C:/Program Files (x86)/Atmel/Studio/7.0/Packs/atmel/ATmega_DFP/1.7.374/gcc/dev/atmega32/avr5/crtatmega32.o
 *(.init2)
 *(.init3)
 *(.init3)
 *(.init4)
 .init4         0x00000060       0x16 c:/program files (x86)/atmel/studio/7.0/toolchain/avr8/avr8-gnu-toolchain/bin/../lib/gcc/avr/5.4.0/avr5\libgcc.a(_copy_data.o)
                0x00000060                __do_copy_data
 .init4         0x00000076       0x10 c:/program files (x86)/atmel/studio/7.0/toolchain/avr8/avr8-gnu-toolchain/bin/../lib/gcc/avr/5.4.0/avr5\libgcc.a(_clear_bss.o)
                0x00000076                __do_clear_bss
 *(.init4)
 *(.init5)
 *(.init5)
 *(.init6)
 *(.init6)
 *(.init7)
 *(.init7)
 *(.init8)
 *(.init8)
 *(.init9)
 .init9         0x00000086        0x8 C:/Program Files (x86)/Atmel/Studio/7.0/Packs/atmel/ATmega_DFP/1.7.374/gcc/dev/atmega32/avr5/crtatmega32.o
 *(.init9)
 *(.text)
 .text          0x0000008e        0x4 C:/Program Files (x86)/Atmel/Studio/7.0/Packs/atmel/ATmega_DFP/1.7.374/gcc/dev/atmega32/avr5/crtatmega32.o
                0x0000008e                __vector_12
                0x0000008e                __bad_interrupt
                0x0000008e                __vector_3
                0x0000008e                __vector_13
                0x0000008e                __vector_17
                0x0000008e                __vector_19
                0x0000008e                __vector_5
                0x0000008e                __vector_4
                0x0000008e                __vector_2
                0x0000008e                __vector_15
                0x0000008e                __vector_8
                0x0000008e                __vector_14
                0x0000008e                __vector_18
                0x0000008e                __vector_20
                0x00000092                . = ALIGN (0x2)
 *(.text.*)
 .text.main     0x00000092       0x58 App/Main/main.o
                0x00000092                main
 .text.BTN_GetValue
                0x000000ea       0x4e HAL/BTN/BTN.o
                0x000000ea                BTN_GetValue
 .text.DIO_ReadChennel
                0x00000138       0x82 MCAL/DIO/DIO_Core.o
                0x00000138                DIO_ReadChennel
 .text.IRQH_SetGloabINT
                0x000001ba       0x18 MCAL/IRQH/IRQH_Core.o
                0x000001ba                IRQH_SetGloabINT
 .text.__vector_1
                0x000001d2       0x4e MCAL/IRQH/IRQH_Core.o
                0x000001d2                __vector_1
 .text.__vector_16
                0x00000220       0x7a MCAL/IRQH/IRQH_Core.o
                0x00000220                __vector_16
 .text.__vector_11
                0x0000029a       0x82 MCAL/IRQH/IRQH_Core.o
                0x0000029a                __vector_11
 .text.__vector_10
                0x0000031c       0x8a MCAL/IRQH/IRQH_Core.o
                0x0000031c                __vector_10
 .text.__vector_9
                0x000003a6       0x4a MCAL/IRQH/IRQH_Core.o
                0x000003a6                __vector_9
 .text.__vector_7
                0x000003f0       0x60 MCAL/IRQH/IRQH_Core.o
                0x000003f0                __vector_7
 .text.__vector_6
                0x00000450       0xca MCAL/IRQH/IRQH_Core.o
                0x00000450                __vector_6
 .text.PORT_Init
                0x0000051a      0x108 MCAL/PORT/PORT_Core.o
                0x0000051a                PORT_Init
 .text.SPI_Init
                0x00000622       0x20 MCAL/SPI/SPI_Core.o
                0x00000622                SPI_Init
 .text.SPI_TranSiver
                0x00000642        0xa MCAL/SPI/SPI_Core.o
                0x00000642                SPI_TranSiver
 .text.libgcc.div
                0x0000064c       0x44 c:/program files (x86)/atmel/studio/7.0/toolchain/avr8/avr8-gnu-toolchain/bin/../lib/gcc/avr/5.4.0/avr5\libgcc.a(_udivmodsi4.o)
                0x0000064c                __udivmodsi4
 .text.libgcc.mul
                0x00000690       0x1e c:/program files (x86)/atmel/studio/7.0/toolchain/avr8/avr8-gnu-toolchain/bin/../lib/gcc/avr/5.4.0/avr5\libgcc.a(_umulhisi3.o)
                0x00000690                __umulhisi3
 .text.libgcc.mul
                0x000006ae       0x16 c:/program files (x86)/atmel/studio/7.0/toolchain/avr8/avr8-gnu-toolchain/bin/../lib/gcc/avr/5.4.0/avr5\libgcc.a(_muluhisi3.o)
                0x000006ae                __muluhisi3
                0x000006c4                . = ALIGN (0x2)
 *(.fini9)
 .fini9         0x000006c4        0x0 c:/program files (x86)/atmel/studio/7.0/toolchain/avr8/avr8-gnu-toolchain/bin/../lib/gcc/avr/5.4.0/avr5\libgcc.a(_exit.o)
                0x000006c4                _exit
                0x000006c4                exit
 *(.fini9)
 *(.fini8)
 *(.fini8)
 *(.fini7)
 *(.fini7)
 *(.fini6)
 *(.fini6)
 *(.fini5)
 *(.fini5)
 *(.fini4)
 *(.fini4)
 *(.fini3)
 *(.fini3)
 *(.fini2)
 *(.fini2)
 *(.fini1)
 *(.fini1)
 *(.fini0)
 .fini0         0x000006c4        0x4 c:/program files (x86)/atmel/studio/7.0/toolchain/avr8/avr8-gnu-toolchain/bin/../lib/gcc/avr/5.4.0/avr5\libgcc.a(_exit.o)
 *(.fini0)
                0x000006c8                _etext = .

.data           0x00800060       0x1c load address 0x000006c8
                0x00800060                PROVIDE (__data_start, .)
 *(.data)
 *(.data*)
 *(.gnu.linkonce.d*)
 *(.rodata)
 *(.rodata*)
 .rodata.PORT_Initialization
                0x00800060       0x1c App/CFGH/MCAL_CFG/PORT_CFG/PORT_LCFG.o
                0x00800060                PORT_Initialization
 *(.gnu.linkonce.r*)
                0x0080007c                . = ALIGN (0x2)
                0x0080007c                _edata = .
                0x0080007c                PROVIDE (__data_end, .)

.bss            0x0080007c       0x44
                0x0080007c                PROVIDE (__bss_start, .)
 *(.bss)
 *(.bss*)
 .bss.ADC_Vin_Value
                0x0080007c        0x4 MCAL/ADC/ADC_Core.o
                0x0080007c                ADC_Vin_Value
 .bss.INT_CNT_1.1696
                0x00800080        0x1 MCAL/IRQH/IRQH_Core.o
 .bss.INT_CNT_1.1685
                0x00800081        0x1 MCAL/IRQH/IRQH_Core.o
 .bss.INT_CNT_1.1679
                0x00800082        0x1 MCAL/IRQH/IRQH_Core.o
 .bss.Cap_2     0x00800083        0x4 MCAL/IRQH/IRQH_Core.o
                0x00800083                Cap_2
 .bss.Cap_1     0x00800087        0x4 MCAL/IRQH/IRQH_Core.o
                0x00800087                Cap_1
 .bss.ICU_Cnt   0x0080008b        0x1 MCAL/IRQH/IRQH_Core.o
                0x0080008b                ICU_Cnt
 .bss.CallBack_PtrFunc
                0x0080008c       0x28 MCAL/IRQH/IRQH_Core.o
                0x0080008c                CallBack_PtrFunc
 .bss.Timer1_Number_OVRflows_g
                0x008000b4        0x4 MCAL/TIMER/TIMER_CORE.o
                0x008000b4                Timer1_Number_OVRflows_g
 .bss.Timer0_Init_Value_g
                0x008000b8        0x4 MCAL/TIMER/TIMER_CORE.o
                0x008000b8                Timer0_Init_Value_g
 .bss.Timer0_Number_OVRflows_g
                0x008000bc        0x4 MCAL/TIMER/TIMER_CORE.o
                0x008000bc                Timer0_Number_OVRflows_g
 *(COMMON)
                0x008000c0                PROVIDE (__bss_end, .)
                0x000006c8                __data_load_start = LOADADDR (.data)
                0x000006e4                __data_load_end = (__data_load_start + SIZEOF (.data))

.noinit         0x008000c0        0x0
                [!provide]                PROVIDE (__noinit_start, .)
 *(.noinit*)
                [!provide]                PROVIDE (__noinit_end, .)
                0x008000c0                _end = .
                [!provide]                PROVIDE (__heap_start, .)

.eeprom         0x00810000        0x0
 *(.eeprom*)
                0x00810000                __eeprom_end = .

.fuse
 *(.fuse)
 *(.lfuse)
 *(.hfuse)
 *(.efuse)

.lock
 *(.lock*)

.signature
 *(.signature*)

.user_signatures
 *(.user_signatures*)

.stab
 *(.stab)

.stabstr
 *(.stabstr)

.stab.excl
 *(.stab.excl)

.stab.exclstr
 *(.stab.exclstr)

.stab.index
 *(.stab.index)

.stab.indexstr
 *(.stab.indexstr)

.comment        0x00000000       0x30
 *(.comment)
 .comment       0x00000000       0x30 App/CFGH/MCAL_CFG/PORT_CFG/PORT_LCFG.o
                                 0x31 (size before relaxing)
 .comment       0x00000030       0x31 App/Main/main.o
 .comment       0x00000030       0x31 HAL/BTN/BTN.o
 .comment       0x00000030       0x31 MCAL/ADC/ADC_Core.o
 .comment       0x00000030       0x31 MCAL/DIO/DIO_Core.o
 .comment       0x00000030       0x31 MCAL/IRQH/IRQH_Core.o
 .comment       0x00000030       0x31 MCAL/PORT/PORT_Core.o
 .comment       0x00000030       0x31 MCAL/SPI/SPI_Core.o
 .comment       0x00000030       0x31 MCAL/TIMER/TIMER_CORE.o

.note.gnu.avr.deviceinfo
                0x00000000       0x3c
 .note.gnu.avr.deviceinfo
                0x00000000       0x3c C:/Program Files (x86)/Atmel/Studio/7.0/Packs/atmel/ATmega_DFP/1.7.374/gcc/dev/atmega32/avr5/crtatmega32.o

.note.gnu.build-id
 *(.note.gnu.build-id)

.debug
 *(.debug)

.line
 *(.line)

.debug_srcinfo
 *(.debug_srcinfo)

.debug_sfnames
 *(.debug_sfnames)

.debug_aranges  0x00000000      0x1a0
 *(.debug_aranges)
 .debug_aranges
                0x00000000       0x18 App/CFGH/MCAL_CFG/PORT_CFG/PORT_LCFG.o
 .debug_aranges
                0x00000018       0x20 App/Main/main.o
 .debug_aranges
                0x00000038       0x20 HAL/BTN/BTN.o
 .debug_aranges
                0x00000058       0x28 MCAL/ADC/ADC_Core.o
 .debug_aranges
                0x00000080       0x48 MCAL/DIO/DIO_Core.o
 .debug_aranges
                0x000000c8       0x68 MCAL/IRQH/IRQH_Core.o
 .debug_aranges
                0x00000130       0x20 MCAL/PORT/PORT_Core.o
 .debug_aranges
                0x00000150       0x28 MCAL/SPI/SPI_Core.o
 .debug_aranges
                0x00000178       0x28 MCAL/TIMER/TIMER_CORE.o

.debug_pubnames
 *(.debug_pubnames)

.debug_info     0x00000000     0x1283
 *(.debug_info .gnu.linkonce.wi.*)
 .debug_info    0x00000000      0x4e6 C:/Program Files (x86)/Atmel/Studio/7.0/Packs/atmel/ATmega_DFP/1.7.374/gcc/dev/atmega32/avr5/crtatmega32.o
 .debug_info    0x000004e6       0xe8 App/CFGH/MCAL_CFG/PORT_CFG/PORT_LCFG.o
 .debug_info    0x000005ce      0x1e0 App/Main/main.o
 .debug_info    0x000007ae      0x197 HAL/BTN/BTN.o
 .debug_info    0x00000945       0xd5 MCAL/ADC/ADC_Core.o
 .debug_info    0x00000a1a      0x273 MCAL/DIO/DIO_Core.o
 .debug_info    0x00000c8d      0x2ad MCAL/IRQH/IRQH_Core.o
 .debug_info    0x00000f3a      0x146 MCAL/PORT/PORT_Core.o
 .debug_info    0x00001080       0xfa MCAL/SPI/SPI_Core.o
 .debug_info    0x0000117a      0x109 MCAL/TIMER/TIMER_CORE.o

.debug_abbrev   0x00000000      0xb6e
 *(.debug_abbrev)
 .debug_abbrev  0x00000000      0x4a3 C:/Program Files (x86)/Atmel/Studio/7.0/Packs/atmel/ATmega_DFP/1.7.374/gcc/dev/atmega32/avr5/crtatmega32.o
 .debug_abbrev  0x000004a3       0x86 App/CFGH/MCAL_CFG/PORT_CFG/PORT_LCFG.o
 .debug_abbrev  0x00000529       0xa8 App/Main/main.o
 .debug_abbrev  0x000005d1      0x111 HAL/BTN/BTN.o
 .debug_abbrev  0x000006e2       0x80 MCAL/ADC/ADC_Core.o
 .debug_abbrev  0x00000762       0xea MCAL/DIO/DIO_Core.o
 .debug_abbrev  0x0000084c      0x144 MCAL/IRQH/IRQH_Core.o
 .debug_abbrev  0x00000990       0xc4 MCAL/PORT/PORT_Core.o
 .debug_abbrev  0x00000a54       0x9a MCAL/SPI/SPI_Core.o
 .debug_abbrev  0x00000aee       0x80 MCAL/TIMER/TIMER_CORE.o

.debug_line     0x00000000      0xbf8
 *(.debug_line .debug_line.* .debug_line_end)
 .debug_line    0x00000000      0x116 C:/Program Files (x86)/Atmel/Studio/7.0/Packs/atmel/ATmega_DFP/1.7.374/gcc/dev/atmega32/avr5/crtatmega32.o
 .debug_line    0x00000116       0x69 App/CFGH/MCAL_CFG/PORT_CFG/PORT_LCFG.o
 .debug_line    0x0000017f      0x114 App/Main/main.o
 .debug_line    0x00000293      0x163 HAL/BTN/BTN.o
 .debug_line    0x000003f6       0xba MCAL/ADC/ADC_Core.o
 .debug_line    0x000004b0      0x24c MCAL/DIO/DIO_Core.o
 .debug_line    0x000006fc      0x29a MCAL/IRQH/IRQH_Core.o
 .debug_line    0x00000996      0x127 MCAL/PORT/PORT_Core.o
 .debug_line    0x00000abd       0xab MCAL/SPI/SPI_Core.o
 .debug_line    0x00000b68       0x90 MCAL/TIMER/TIMER_CORE.o

.debug_frame    0x00000000      0x418
 *(.debug_frame)
 .debug_frame   0x00000000       0x24 App/Main/main.o
 .debug_frame   0x00000024       0x3c HAL/BTN/BTN.o
 .debug_frame   0x00000060       0x34 MCAL/ADC/ADC_Core.o
 .debug_frame   0x00000094       0x74 MCAL/DIO/DIO_Core.o
 .debug_frame   0x00000108      0x284 MCAL/IRQH/IRQH_Core.o
 .debug_frame   0x0000038c       0x24 MCAL/PORT/PORT_Core.o
 .debug_frame   0x000003b0       0x34 MCAL/SPI/SPI_Core.o
 .debug_frame   0x000003e4       0x34 MCAL/TIMER/TIMER_CORE.o

.debug_str      0x00000000      0x767
 *(.debug_str)
 .debug_str     0x00000000      0x196 C:/Program Files (x86)/Atmel/Studio/7.0/Packs/atmel/ATmega_DFP/1.7.374/gcc/dev/atmega32/avr5/crtatmega32.o
 .debug_str     0x00000196      0x1a3 App/CFGH/MCAL_CFG/PORT_CFG/PORT_LCFG.o
                                0x1ca (size before relaxing)
 .debug_str     0x00000339       0x90 App/Main/main.o
                                0x1de (size before relaxing)
 .debug_str     0x000003c9       0xaf HAL/BTN/BTN.o
                                0x1fe (size before relaxing)
 .debug_str     0x00000478       0x57 MCAL/ADC/ADC_Core.o
                                0x19a (size before relaxing)
 .debug_str     0x000004cf       0xa0 MCAL/DIO/DIO_Core.o
                                0x1f8 (size before relaxing)
 .debug_str     0x0000056f      0x134 MCAL/IRQH/IRQH_Core.o
                                0x2ef (size before relaxing)
 .debug_str     0x000006a3       0x19 MCAL/PORT/PORT_Core.o
                                0x1c8 (size before relaxing)
 .debug_str     0x000006bc       0x48 MCAL/SPI/SPI_Core.o
                                0x1a0 (size before relaxing)
 .debug_str     0x00000704       0x63 MCAL/TIMER/TIMER_CORE.o
                                0x1f1 (size before relaxing)

.debug_loc      0x00000000      0xd55
 *(.debug_loc)
 .debug_loc     0x00000000       0x62 App/Main/main.o
 .debug_loc     0x00000062       0xc9 HAL/BTN/BTN.o
 .debug_loc     0x0000012b       0x25 MCAL/ADC/ADC_Core.o
 .debug_loc     0x00000150      0x4fe MCAL/DIO/DIO_Core.o
 .debug_loc     0x0000064e      0x578 MCAL/IRQH/IRQH_Core.o
 .debug_loc     0x00000bc6      0x151 MCAL/PORT/PORT_Core.o
 .debug_loc     0x00000d17       0x3e MCAL/SPI/SPI_Core.o

.debug_macinfo
 *(.debug_macinfo)

.debug_weaknames
 *(.debug_weaknames)

.debug_funcnames
 *(.debug_funcnames)

.debug_typenames
 *(.debug_typenames)

.debug_varnames
 *(.debug_varnames)

.debug_pubtypes
 *(.debug_pubtypes)

.debug_ranges   0x00000000      0x108
 *(.debug_ranges)
 .debug_ranges  0x00000000       0x10 App/Main/main.o
 .debug_ranges  0x00000010       0x10 HAL/BTN/BTN.o
 .debug_ranges  0x00000020       0x18 MCAL/ADC/ADC_Core.o
 .debug_ranges  0x00000038       0x38 MCAL/DIO/DIO_Core.o
 .debug_ranges  0x00000070       0x58 MCAL/IRQH/IRQH_Core.o
 .debug_ranges  0x000000c8       0x10 MCAL/PORT/PORT_Core.o
 .debug_ranges  0x000000d8       0x18 MCAL/SPI/SPI_Core.o
 .debug_ranges  0x000000f0       0x18 MCAL/TIMER/TIMER_CORE.o

.debug_macro
 *(.debug_macro)
OUTPUT(COTS.elf elf32-avr)
LOAD linker stubs
